<html>
<body>
<pre>
<h1>µVision Build Log</h1>
<h2>Tool Versions:</h2>
IDE-Version: µVision V5.24.2.0
Copyright (C) 2017 ARM Ltd and ARM Germany GmbH. All rights reserved.
License Information: Leonard Krieger, HP Inc., LIC=Y2BNN-YERLE-JM998-3R3WL-X2RWR-YHLXR
 
Tool Versions:
Toolchain:       MDK-ARM Professional  Version: 5.24.1
Toolchain Path:  e:\Installs\Programming\Keil_v5\ARM\ARMCC\Bin
C Compiler:      Armcc.exe V5.06 update 5 (build 528)
Assembler:       Armasm.exe V5.06 update 5 (build 528)
Linker/Locator:  ArmLink.exe V5.06 update 5 (build 528)
Library Manager: ArmAr.exe V5.06 update 5 (build 528)
Hex Converter:   FromElf.exe V5.06 update 5 (build 528)
CPU DLL:         SARMCM3.DLL V5.24.1
Dialog DLL:      DCM.DLL V1.16.0.0
Target DLL:      STLink\ST-LINKIII-KEIL_SWO.dll V3.0.1.0
Dialog DLL:      TCM.DLL V1.32.0.0
 
<h2>Project:</h2>
E:\CODE\Generated\NRF24l01_407\MDK-ARM\NRF24l01_407.uvprojx
Project File Date:  04/17/2018

<h2>Output:</h2>
*** Using Compiler 'V5.06 update 5 (build 528)', folder: 'e:\Installs\Programming\Keil_v5\ARM\ARMCC\Bin'
Build target 'NRF24l01_407'
compiling nrf24l01.c...
..\Src\nrf24l01.c(66): warning:  #177-D: variable "config"  was declared but never referenced
      uint8_t config = 0;
..\Src\nrf24l01.c(67): warning:  #177-D: variable "i"  was declared but never referenced
      uint8_t i=0;
..\Src\nrf24l01.c: 2 warnings, 0 errors
linking...
Program Size: Code=5560 RO-data=440 RW-data=32 ZI-data=1920  
"NRF24l01_407\NRF24l01_407.axf" - 0 Error(s), 2 Warning(s).

<h2>Software Packages used:</h2>

Package Vendor: ARM
                http://www.keil.com/pack/ARM.CMSIS.5.2.0.pack
                ARM.CMSIS.5.2.0
                CMSIS (Cortex Microcontroller Software Interface Standard)
   * Component: CORE Version: 5.0.2

Package Vendor: Keil
                http://www.keil.com/pack/Keil.STM32F4xx_DFP.2.12.0.pack
                Keil.STM32F4xx_DFP.2.12.0
                STMicroelectronics STM32F4 Series Device Support, Drivers and Examples

<h2>Collection of Component include folders:</h2>
  .\RTE\_NRF24l01_407
  e:\Installs\Programming\Keil_v5\ARM\PACK\ARM\CMSIS\5.2.0\CMSIS\Include
  e:\Installs\Programming\Keil_v5\ARM\PACK\Keil\STM32F4xx_DFP\2.12.0\Drivers\CMSIS\Device\ST\STM32F4xx\Include

<h2>Collection of Component Files used:</h2>

   * Component: ARM::CMSIS:CORE:5.0.2
Build Time Elapsed:  00:00:03
</pre>
</body>
</html>
