Component: ARM Compiler 5.06 update 5 (build 528) Tool: armlink [4d35e2]

==============================================================================

Section Cross References

    startup_stm32f407xx.o(RESET) refers to startup_stm32f407xx.o(STACK) for __initial_sp
    startup_stm32f407xx.o(RESET) refers to startup_stm32f407xx.o(.text) for Reset_Handler
    startup_stm32f407xx.o(RESET) refers to stm32f4xx_it.o(i.NMI_Handler) for NMI_Handler
    startup_stm32f407xx.o(RESET) refers to stm32f4xx_it.o(i.HardFault_Handler) for HardFault_Handler
    startup_stm32f407xx.o(RESET) refers to stm32f4xx_it.o(i.MemManage_Handler) for MemManage_Handler
    startup_stm32f407xx.o(RESET) refers to stm32f4xx_it.o(i.BusFault_Handler) for BusFault_Handler
    startup_stm32f407xx.o(RESET) refers to stm32f4xx_it.o(i.UsageFault_Handler) for UsageFault_Handler
    startup_stm32f407xx.o(RESET) refers to stm32f4xx_it.o(i.SVC_Handler) for SVC_Handler
    startup_stm32f407xx.o(RESET) refers to stm32f4xx_it.o(i.DebugMon_Handler) for DebugMon_Handler
    startup_stm32f407xx.o(RESET) refers to stm32f4xx_it.o(i.PendSV_Handler) for PendSV_Handler
    startup_stm32f407xx.o(RESET) refers to stm32f4xx_it.o(i.SysTick_Handler) for SysTick_Handler
    startup_stm32f407xx.o(RESET) refers to stm32f4xx_it.o(i.EXTI2_IRQHandler) for EXTI2_IRQHandler
    startup_stm32f407xx.o(RESET) refers to stm32f4xx_it.o(i.EXTI15_10_IRQHandler) for EXTI15_10_IRQHandler
    startup_stm32f407xx.o(.text) refers to system_stm32f4xx.o(i.SystemInit) for SystemInit
    startup_stm32f407xx.o(.text) refers to entry.o(.ARM.Collect$$$$00000000) for __main
    stm32f4xx_hal_spi.o(i.HAL_SPI_Abort) refers to stm32f4xx_hal_dma.o(i.HAL_DMA_Abort) for HAL_DMA_Abort
    stm32f4xx_hal_spi.o(i.HAL_SPI_Abort) refers to system_stm32f4xx.o(.data) for SystemCoreClock
    stm32f4xx_hal_spi.o(i.HAL_SPI_Abort) refers to stm32f4xx_hal_spi.o(i.SPI_AbortTx_ISR) for SPI_AbortTx_ISR
    stm32f4xx_hal_spi.o(i.HAL_SPI_Abort) refers to stm32f4xx_hal_spi.o(i.SPI_AbortRx_ISR) for SPI_AbortRx_ISR
    stm32f4xx_hal_spi.o(i.HAL_SPI_Abort_IT) refers to stm32f4xx_hal_dma.o(i.HAL_DMA_Abort_IT) for HAL_DMA_Abort_IT
    stm32f4xx_hal_spi.o(i.HAL_SPI_Abort_IT) refers to stm32f4xx_hal_spi.o(i.HAL_SPI_AbortCpltCallback) for HAL_SPI_AbortCpltCallback
    stm32f4xx_hal_spi.o(i.HAL_SPI_Abort_IT) refers to stm32f4xx_hal_spi.o(i.SPI_AbortTx_ISR) for SPI_AbortTx_ISR
    stm32f4xx_hal_spi.o(i.HAL_SPI_Abort_IT) refers to stm32f4xx_hal_spi.o(i.SPI_AbortRx_ISR) for SPI_AbortRx_ISR
    stm32f4xx_hal_spi.o(i.HAL_SPI_Abort_IT) refers to stm32f4xx_hal_spi.o(i.SPI_DMATxAbortCallback) for SPI_DMATxAbortCallback
    stm32f4xx_hal_spi.o(i.HAL_SPI_Abort_IT) refers to stm32f4xx_hal_spi.o(i.SPI_DMARxAbortCallback) for SPI_DMARxAbortCallback
    stm32f4xx_hal_spi.o(i.HAL_SPI_DMAStop) refers to stm32f4xx_hal_dma.o(i.HAL_DMA_Abort) for HAL_DMA_Abort
    stm32f4xx_hal_spi.o(i.HAL_SPI_DeInit) refers to stm32f4xx_hal_msp.o(i.HAL_SPI_MspDeInit) for HAL_SPI_MspDeInit
    stm32f4xx_hal_spi.o(i.HAL_SPI_IRQHandler) refers to stm32f4xx_hal_dma.o(i.HAL_DMA_Abort_IT) for HAL_DMA_Abort_IT
    stm32f4xx_hal_spi.o(i.HAL_SPI_IRQHandler) refers to stm32f4xx_hal_spi.o(i.HAL_SPI_ErrorCallback) for HAL_SPI_ErrorCallback
    stm32f4xx_hal_spi.o(i.HAL_SPI_IRQHandler) refers to stm32f4xx_hal_spi.o(i.SPI_DMAAbortOnError) for SPI_DMAAbortOnError
    stm32f4xx_hal_spi.o(i.HAL_SPI_Init) refers to stm32f4xx_hal_msp.o(i.HAL_SPI_MspInit) for HAL_SPI_MspInit
    stm32f4xx_hal_spi.o(i.HAL_SPI_Receive) refers to stm32f4xx_hal.o(i.HAL_GetTick) for HAL_GetTick
    stm32f4xx_hal_spi.o(i.HAL_SPI_Receive) refers to stm32f4xx_hal_spi.o(i.HAL_SPI_TransmitReceive) for HAL_SPI_TransmitReceive
    stm32f4xx_hal_spi.o(i.HAL_SPI_Receive_DMA) refers to stm32f4xx_hal_spi.o(i.HAL_SPI_TransmitReceive_DMA) for HAL_SPI_TransmitReceive_DMA
    stm32f4xx_hal_spi.o(i.HAL_SPI_Receive_DMA) refers to stm32f4xx_hal_dma.o(i.HAL_DMA_Start_IT) for HAL_DMA_Start_IT
    stm32f4xx_hal_spi.o(i.HAL_SPI_Receive_DMA) refers to stm32f4xx_hal_spi.o(i.SPI_DMAHalfReceiveCplt) for SPI_DMAHalfReceiveCplt
    stm32f4xx_hal_spi.o(i.HAL_SPI_Receive_DMA) refers to stm32f4xx_hal_spi.o(i.SPI_DMAReceiveCplt) for SPI_DMAReceiveCplt
    stm32f4xx_hal_spi.o(i.HAL_SPI_Receive_DMA) refers to stm32f4xx_hal_spi.o(i.SPI_DMAError) for SPI_DMAError
    stm32f4xx_hal_spi.o(i.HAL_SPI_Receive_IT) refers to stm32f4xx_hal_spi.o(i.HAL_SPI_TransmitReceive_IT) for HAL_SPI_TransmitReceive_IT
    stm32f4xx_hal_spi.o(i.HAL_SPI_Receive_IT) refers to stm32f4xx_hal_spi.o(i.SPI_RxISR_16BIT) for SPI_RxISR_16BIT
    stm32f4xx_hal_spi.o(i.HAL_SPI_Receive_IT) refers to stm32f4xx_hal_spi.o(i.SPI_RxISR_8BIT) for SPI_RxISR_8BIT
    stm32f4xx_hal_spi.o(i.HAL_SPI_Transmit) refers to stm32f4xx_hal.o(i.HAL_GetTick) for HAL_GetTick
    stm32f4xx_hal_spi.o(i.HAL_SPI_Transmit) refers to stm32f4xx_hal_spi.o(i.SPI_WaitFlagStateUntilTimeout) for SPI_WaitFlagStateUntilTimeout
[...]
    stm32f4xx_hal_rcc.o(i.HAL_RCC_GetPCLK2Freq) refers to system_stm32f4xx.o(.data) for SystemCoreClock
    stm32f4xx_hal_rcc.o(i.HAL_RCC_GetPCLK2Freq) refers to system_stm32f4xx.o(.constdata) for APBPrescTable
    stm32f4xx_hal_rcc.o(i.HAL_RCC_GetSysClockFreq) refers to uldiv.o(.text) for __aeabi_uldivmod
    stm32f4xx_hal_rcc.o(i.HAL_RCC_MCOConfig) refers to stm32f4xx_hal_gpio.o(i.HAL_GPIO_Init) for HAL_GPIO_Init
    stm32f4xx_hal_rcc.o(i.HAL_RCC_NMI_IRQHandler) refers to stm32f4xx_hal_rcc.o(i.HAL_RCC_CSSCallback) for HAL_RCC_CSSCallback
    stm32f4xx_hal_rcc.o(i.HAL_RCC_OscConfig) refers to stm32f4xx_hal.o(i.HAL_GetTick) for HAL_GetTick
    stm32f4xx_hal_rcc_ex.o(i.HAL_RCCEx_DisablePLLI2S) refers to stm32f4xx_hal.o(i.HAL_GetTick) for HAL_GetTick
    stm32f4xx_hal_rcc_ex.o(i.HAL_RCCEx_EnablePLLI2S) refers to stm32f4xx_hal.o(i.HAL_GetTick) for HAL_GetTick
    stm32f4xx_hal_rcc_ex.o(i.HAL_RCCEx_PeriphCLKConfig) refers to stm32f4xx_hal.o(i.HAL_GetTick) for HAL_GetTick
    stm32f4xx_hal_rcc_ex.o(i.HAL_RCC_DeInit) refers to stm32f4xx_hal.o(i.HAL_GetTick) for HAL_GetTick
    stm32f4xx_hal_rcc_ex.o(i.HAL_RCC_DeInit) refers to stm32f4xx_hal.o(i.HAL_InitTick) for HAL_InitTick
    stm32f4xx_hal_rcc_ex.o(i.HAL_RCC_DeInit) refers to system_stm32f4xx.o(.data) for SystemCoreClock
    stm32f4xx_hal_dma.o(i.DMA_CalcBaseAndBitshift) refers to stm32f4xx_hal_dma.o(.constdata) for .constdata
    stm32f4xx_hal_dma.o(i.HAL_DMA_Abort) refers to stm32f4xx_hal.o(i.HAL_GetTick) for HAL_GetTick
    stm32f4xx_hal_dma.o(i.HAL_DMA_DeInit) refers to stm32f4xx_hal_dma.o(i.DMA_CalcBaseAndBitshift) for DMA_CalcBaseAndBitshift
    stm32f4xx_hal_dma.o(i.HAL_DMA_IRQHandler) refers to system_stm32f4xx.o(.data) for SystemCoreClock
    stm32f4xx_hal_dma.o(i.HAL_DMA_Init) refers to stm32f4xx_hal.o(i.HAL_GetTick) for HAL_GetTick
    stm32f4xx_hal_dma.o(i.HAL_DMA_Init) refers to stm32f4xx_hal_dma.o(i.DMA_CheckFifoParam) for DMA_CheckFifoParam
    stm32f4xx_hal_dma.o(i.HAL_DMA_Init) refers to stm32f4xx_hal_dma.o(i.DMA_CalcBaseAndBitshift) for DMA_CalcBaseAndBitshift
    stm32f4xx_hal_dma.o(i.HAL_DMA_PollForTransfer) refers to stm32f4xx_hal.o(i.HAL_GetTick) for HAL_GetTick
    stm32f4xx_hal_dma.o(i.HAL_DMA_PollForTransfer) refers to stm32f4xx_hal_dma.o(i.HAL_DMA_Abort) for HAL_DMA_Abort
    stm32f4xx_hal_dma.o(i.HAL_DMA_Start) refers to stm32f4xx_hal_dma.o(i.DMA_SetConfig) for DMA_SetConfig
    stm32f4xx_hal_dma.o(i.HAL_DMA_Start_IT) refers to stm32f4xx_hal_dma.o(i.DMA_SetConfig) for DMA_SetConfig
    stm32f4xx_it.o(i.EXTI15_10_IRQHandler) refers to stm32f4xx_hal_gpio.o(i.HAL_GPIO_WritePin) for HAL_GPIO_WritePin
    stm32f4xx_it.o(i.EXTI15_10_IRQHandler) refers to stm32f4xx_hal_gpio.o(i.HAL_GPIO_EXTI_IRQHandler) for HAL_GPIO_EXTI_IRQHandler
    stm32f4xx_it.o(i.EXTI15_10_IRQHandler) refers to main.o(.data) for IRQ2_counter
    stm32f4xx_it.o(i.EXTI2_IRQHandler) refers to stm32f4xx_hal_gpio.o(i.HAL_GPIO_WritePin) for HAL_GPIO_WritePin
    stm32f4xx_it.o(i.EXTI2_IRQHandler) refers to stm32f4xx_hal_gpio.o(i.HAL_GPIO_EXTI_IRQHandler) for HAL_GPIO_EXTI_IRQHandler
    stm32f4xx_it.o(i.EXTI2_IRQHandler) refers to nrf24l01.o(i.NRF_IRQ_Handler) for NRF_IRQ_Handler
    stm32f4xx_it.o(i.EXTI2_IRQHandler) refers to main.o(.data) for IRQ1_counter
    stm32f4xx_it.o(i.EXTI2_IRQHandler) refers to main.o(.bss) for nrf1
    stm32f4xx_it.o(i.SysTick_Handler) refers to stm32f4xx_hal.o(i.HAL_IncTick) for HAL_IncTick
    stm32f4xx_it.o(i.SysTick_Handler) refers to stm32f4xx_hal_cortex.o(i.HAL_SYSTICK_IRQHandler) for HAL_SYSTICK_IRQHandler
    main.o(i.MX_GPIO_Init) refers to stm32f4xx_hal_gpio.o(i.HAL_GPIO_WritePin) for HAL_GPIO_WritePin
    main.o(i.MX_GPIO_Init) refers to stm32f4xx_hal_gpio.o(i.HAL_GPIO_Init) for HAL_GPIO_Init
    main.o(i.MX_GPIO_Init) refers to stm32f4xx_hal_cortex.o(i.HAL_NVIC_SetPriority) for HAL_NVIC_SetPriority
    main.o(i.MX_GPIO_Init) refers to stm32f4xx_hal_cortex.o(i.HAL_NVIC_EnableIRQ) for HAL_NVIC_EnableIRQ
    main.o(i.MX_SPI1_Init) refers to stm32f4xx_hal_spi.o(i.HAL_SPI_Init) for HAL_SPI_Init
    main.o(i.MX_SPI1_Init) refers to main.o(.bss) for .bss
    main.o(i.MX_SPI2_Init) refers to stm32f4xx_hal_spi.o(i.HAL_SPI_Init) for HAL_SPI_Init
    main.o(i.MX_SPI2_Init) refers to main.o(.bss) for .bss
    main.o(i.MX_SPI3_Init) refers to stm32f4xx_hal_spi.o(i.HAL_SPI_Init) for HAL_SPI_Init
    main.o(i.MX_SPI3_Init) refers to main.o(.bss) for .bss
    main.o(i.SystemClock_Config) refers to stm32f4xx_hal_rcc.o(i.HAL_RCC_OscConfig) for HAL_RCC_OscConfig
    main.o(i.SystemClock_Config) refers to stm32f4xx_hal_rcc.o(i.HAL_RCC_ClockConfig) for HAL_RCC_ClockConfig
    main.o(i.SystemClock_Config) refers to stm32f4xx_hal_rcc.o(i.HAL_RCC_GetHCLKFreq) for HAL_RCC_GetHCLKFreq
    main.o(i.SystemClock_Config) refers to stm32f4xx_hal_cortex.o(i.HAL_SYSTICK_Config) for HAL_SYSTICK_Config
    main.o(i.SystemClock_Config) refers to stm32f4xx_hal_cortex.o(i.HAL_SYSTICK_CLKSourceConfig) for HAL_SYSTICK_CLKSourceConfig
    main.o(i.SystemClock_Config) refers to stm32f4xx_hal_cortex.o(i.HAL_NVIC_SetPriority) for HAL_NVIC_SetPriority
    main.o(i.main) refers to stm32f4xx_hal.o(i.HAL_Init) for HAL_Init
    main.o(i.main) refers to main.o(i.SystemClock_Config) for SystemClock_Config
    main.o(i.main) refers to main.o(i.MX_GPIO_Init) for MX_GPIO_Init
    main.o(i.main) refers to main.o(i.MX_SPI1_Init) for MX_SPI1_Init
    main.o(i.main) refers to main.o(i.MX_SPI2_Init) for MX_SPI2_Init
    main.o(i.main) refers to main.o(i.MX_SPI3_Init) for MX_SPI3_Init
    main.o(i.main) refers to nrf24l01.o(i.NRF_ReadRegister) for NRF_ReadRegister
    main.o(i.main) refers to stm32f4xx_hal_gpio.o(i.HAL_GPIO_WritePin) for HAL_GPIO_WritePin
    main.o(i.main) refers to stm32f4xx_hal.o(i.HAL_Delay) for HAL_Delay
    main.o(i.main) refers to stm32f4xx_hal_cortex.o(i.HAL_NVIC_DisableIRQ) for HAL_NVIC_DisableIRQ
    main.o(i.main) refers to nrf24l01.o(i.NRF_PowerUp) for NRF_PowerUp
    main.o(i.main) refers to main.o(.data) for .data
    main.o(i.main) refers to main.o(.bss) for .bss
    stm32f4xx_hal_msp.o(i.HAL_MspInit) refers to stm32f4xx_hal_cortex.o(i.HAL_NVIC_SetPriorityGrouping) for HAL_NVIC_SetPriorityGrouping
    stm32f4xx_hal_msp.o(i.HAL_MspInit) refers to stm32f4xx_hal_cortex.o(i.HAL_NVIC_SetPriority) for HAL_NVIC_SetPriority
    stm32f4xx_hal_msp.o(i.HAL_SPI_MspDeInit) refers to stm32f4xx_hal_gpio.o(i.HAL_GPIO_DeInit) for HAL_GPIO_DeInit
    stm32f4xx_hal_msp.o(i.HAL_SPI_MspInit) refers to stm32f4xx_hal_gpio.o(i.HAL_GPIO_Init) for HAL_GPIO_Init
    stm32f4xx_hal_msp.o(i.HAL_UART_MspDeInit) refers to stm32f4xx_hal_gpio.o(i.HAL_GPIO_DeInit) for HAL_GPIO_DeInit
    stm32f4xx_hal_msp.o(i.HAL_UART_MspInit) refers to stm32f4xx_hal_gpio.o(i.HAL_GPIO_Init) for HAL_GPIO_Init
    system_stm32f4xx.o(i.SystemCoreClockUpdate) refers to system_stm32f4xx.o(.data) for .data
    system_stm32f4xx.o(i.SystemCoreClockUpdate) refers to system_stm32f4xx.o(.constdata) for .constdata
    nrf24l01.o(i.NRF_CE_RESETPIN) refers to stm32f4xx_hal_gpio.o(i.HAL_GPIO_WritePin) for HAL_GPIO_WritePin
    nrf24l01.o(i.NRF_CE_SETPIN) refers to stm32f4xx_hal_gpio.o(i.HAL_GPIO_WritePin) for HAL_GPIO_WritePin
    nrf24l01.o(i.NRF_CS_RESETPIN) refers to stm32f4xx_hal_gpio.o(i.HAL_GPIO_WritePin) for HAL_GPIO_WritePin
    nrf24l01.o(i.NRF_ClearInterrupts) refers to nrf24l01.o(i.NRF_ReadRegister) for NRF_ReadRegister
    nrf24l01.o(i.NRF_ClearInterrupts) refers to nrf24l01.o(i.NRF_WriteRegister) for NRF_WriteRegister
    nrf24l01.o(i.NRF_EnableAutoAcknowledgement) refers to nrf24l01.o(i.NRF_ReadRegister) for NRF_ReadRegister
    nrf24l01.o(i.NRF_EnableAutoAcknowledgement) refers to nrf24l01.o(i.NRF_WriteRegister) for NRF_WriteRegister
    nrf24l01.o(i.NRF_EnableCRC) refers to nrf24l01.o(i.NRF_ReadRegister) for NRF_ReadRegister
    nrf24l01.o(i.NRF_EnableCRC) refers to nrf24l01.o(i.NRF_WriteRegister) for NRF_WriteRegister
    nrf24l01.o(i.NRF_EnableMaxRetransmitIRQ) refers to nrf24l01.o(i.NRF_ReadRegister) for NRF_ReadRegister
    nrf24l01.o(i.NRF_EnableMaxRetransmitIRQ) refers to nrf24l01.o(i.NRF_WriteRegister) for NRF_WriteRegister
    nrf24l01.o(i.NRF_EnableRXDataReadyIRQ) refers to nrf24l01.o(i.NRF_ReadRegister) for NRF_ReadRegister
    nrf24l01.o(i.NRF_EnableRXDataReadyIRQ) refers to nrf24l01.o(i.NRF_WriteRegister) for NRF_WriteRegister
    nrf24l01.o(i.NRF_EnableRXPipe) refers to nrf24l01.o(i.NRF_ReadRegister) for NRF_ReadRegister
    nrf24l01.o(i.NRF_EnableRXPipe) refers to nrf24l01.o(i.NRF_WriteRegister) for NRF_WriteRegister
    nrf24l01.o(i.NRF_EnableTXDataSentIRQ) refers to nrf24l01.o(i.NRF_ReadRegister) for NRF_ReadRegister
    nrf24l01.o(i.NRF_EnableTXDataSentIRQ) refers to nrf24l01.o(i.NRF_WriteRegister) for NRF_WriteRegister
    nrf24l01.o(i.NRF_FlushRX) refers to nrf24l01.o(i.NRF_SendCommand) for NRF_SendCommand
    nrf24l01.o(i.NRF_FlushTX) refers to nrf24l01.o(i.NRF_SendCommand) for NRF_SendCommand
    nrf24l01.o(i.NRF_IRQ_Handler) refers to nrf24l01.o(i.NRF_ReadRegister) for NRF_ReadRegister
    nrf24l01.o(i.NRF_IRQ_Handler) refers to nrf24l01.o(i.NRF_CE_RESETPIN) for NRF_CE_RESETPIN
    nrf24l01.o(i.NRF_IRQ_Handler) refers to nrf24l01.o(i.NRF_WriteRegister) for NRF_WriteRegister
    nrf24l01.o(i.NRF_IRQ_Handler) refers to nrf24l01.o(i.NRF_ReadRXPayload) for NRF_ReadRXPayload
    nrf24l01.o(i.NRF_IRQ_Handler) refers to nrf24l01.o(i.NRF_CE_SETPIN) for NRF_CE_SETPIN
    nrf24l01.o(i.NRF_IRQ_Handler) refers to nrf24l01.o(i.NRF_RXTXControl) for NRF_RXTXControl
    nrf24l01.o(i.NRF_IRQ_Handler) refers to stm32f4xx_hal_gpio.o(i.HAL_GPIO_WritePin) for HAL_GPIO_WritePin
    nrf24l01.o(i.NRF_IRQ_Handler) refers to nrf24l01.o(i.NRF_FlushTX) for NRF_FlushTX
    nrf24l01.o(i.NRF_Init) refers to nrf24l01.o(i.NRF_SetupGPIO) for NRF_SetupGPIO
    nrf24l01.o(i.NRF_Init) refers to nrf24l01.o(i.NRF_PowerUp) for NRF_PowerUp
    nrf24l01.o(i.NRF_Init) refers to nrf24l01.o(i.NRF_SetRXPayloadWidth_P0) for NRF_SetRXPayloadWidth_P0
    nrf24l01.o(i.NRF_Init) refers to nrf24l01.o(i.NRF_SetRXAddress_P0) for NRF_SetRXAddress_P0
    nrf24l01.o(i.NRF_Init) refers to nrf24l01.o(i.NRF_SetTXAddress) for NRF_SetTXAddress
    nrf24l01.o(i.NRF_Init) refers to nrf24l01.o(i.NRF_EnableRXDataReadyIRQ) for NRF_EnableRXDataReadyIRQ
    nrf24l01.o(i.NRF_Init) refers to nrf24l01.o(i.NRF_EnableTXDataSentIRQ) for NRF_EnableTXDataSentIRQ
    nrf24l01.o(i.NRF_Init) refers to nrf24l01.o(i.NRF_EnableMaxRetransmitIRQ) for NRF_EnableMaxRetransmitIRQ
    nrf24l01.o(i.NRF_Init) refers to nrf24l01.o(i.NRF_EnableCRC) for NRF_EnableCRC
    nrf24l01.o(i.NRF_Init) refers to nrf24l01.o(i.NRF_SetCRCWidth) for NRF_SetCRCWidth
    nrf24l01.o(i.NRF_Init) refers to nrf24l01.o(i.NRF_SetAddressWidth) for NRF_SetAddressWidth
    nrf24l01.o(i.NRF_Init) refers to nrf24l01.o(i.NRF_SetRFChannel) for NRF_SetRFChannel
    nrf24l01.o(i.NRF_Init) refers to nrf24l01.o(i.NRF_SetDataRate) for NRF_SetDataRate
    nrf24l01.o(i.NRF_Init) refers to nrf24l01.o(i.NRF_SetRetransmittionCount) for NRF_SetRetransmittionCount
    nrf24l01.o(i.NRF_Init) refers to nrf24l01.o(i.NRF_SetRetransmittionDelay) for NRF_SetRetransmittionDelay
    nrf24l01.o(i.NRF_Init) refers to nrf24l01.o(i.NRF_EnableRXPipe) for NRF_EnableRXPipe
    nrf24l01.o(i.NRF_Init) refers to nrf24l01.o(i.NRF_EnableAutoAcknowledgement) for NRF_EnableAutoAcknowledgement
    nrf24l01.o(i.NRF_Init) refers to nrf24l01.o(i.NRF_ClearInterrupts) for NRF_ClearInterrupts
    nrf24l01.o(i.NRF_Init) refers to nrf24l01.o(i.NRF_RXTXControl) for NRF_RXTXControl
    nrf24l01.o(i.NRF_Init) refers to nrf24l01.o(i.NRF_FlushRX) for NRF_FlushRX
    nrf24l01.o(i.NRF_PowerUp) refers to nrf24l01.o(i.NRF_ReadRegister) for NRF_ReadRegister
    nrf24l01.o(i.NRF_PowerUp) refers to nrf24l01.o(i.NRF_WriteRegister) for NRF_WriteRegister
    nrf24l01.o(i.NRF_PowerUp) refers to stm32f4xx_hal.o(i.HAL_Delay) for HAL_Delay
    nrf24l01.o(i.NRF_PushPacket) refers to nrf24l01.o(i.NRF_CE_RESETPIN) for NRF_CE_RESETPIN
    nrf24l01.o(i.NRF_PushPacket) refers to nrf24l01.o(i.NRF_RXTXControl) for NRF_RXTXControl
    nrf24l01.o(i.NRF_PushPacket) refers to nrf24l01.o(i.NRF_WriteTXPayload) for NRF_WriteTXPayload
    nrf24l01.o(i.NRF_PushPacket) refers to nrf24l01.o(i.NRF_CE_SETPIN) for NRF_CE_SETPIN
    nrf24l01.o(i.NRF_PushPacket) refers to nrf24l01.o(i.NRF_FlushTX) for NRF_FlushTX
    nrf24l01.o(i.NRF_RXTXControl) refers to nrf24l01.o(i.NRF_ReadRegister) for NRF_ReadRegister
    nrf24l01.o(i.NRF_RXTXControl) refers to nrf24l01.o(i.NRF_WriteRegister) for NRF_WriteRegister
    nrf24l01.o(i.NRF_RXTXControl) refers to nrf24l01.o(i.NRF_CE_SETPIN) for NRF_CE_SETPIN
    nrf24l01.o(i.NRF_ReadRXPayload) refers to malloc.o(i.malloc) for malloc
    nrf24l01.o(i.NRF_ReadRXPayload) refers to nrf24l01.o(i.NRF_SendCommand) for NRF_SendCommand
    nrf24l01.o(i.NRF_ReadRXPayload) refers to malloc.o(i.free) for free
    nrf24l01.o(i.NRF_ReadRegister) refers to nrf24l01.o(i.NRF_SendCommand) for NRF_SendCommand
    nrf24l01.o(i.NRF_ReceivePacket) refers to nrf24l01.o(i.NRF_CE_RESETPIN) for NRF_CE_RESETPIN
    nrf24l01.o(i.NRF_ReceivePacket) refers to nrf24l01.o(i.NRF_RXTXControl) for NRF_RXTXControl
    nrf24l01.o(i.NRF_ReceivePacket) refers to nrf24l01.o(i.NRF_CE_SETPIN) for NRF_CE_SETPIN
    nrf24l01.o(i.NRF_SendCommand) refers to malloc.o(i.malloc) for malloc
    nrf24l01.o(i.NRF_SendCommand) refers to nrf24l01.o(i.NRF_CS_RESETPIN) for NRF_CS_RESETPIN
    nrf24l01.o(i.NRF_SendCommand) refers to stm32f4xx_hal_spi.o(i.HAL_SPI_TransmitReceive) for HAL_SPI_TransmitReceive
    nrf24l01.o(i.NRF_SendCommand) refers to stm32f4xx_hal.o(i.HAL_Delay) for HAL_Delay
    nrf24l01.o(i.NRF_SendCommand) refers to malloc.o(i.free) for free
    nrf24l01.o(i.NRF_SendCommand) refers to stm32f4xx_hal_gpio.o(i.HAL_GPIO_WritePin) for HAL_GPIO_WritePin
    nrf24l01.o(i.NRF_SendPacket) refers to nrf24l01.o(i.NRF_CE_RESETPIN) for NRF_CE_RESETPIN
    nrf24l01.o(i.NRF_SendPacket) refers to nrf24l01.o(i.NRF_RXTXControl) for NRF_RXTXControl
    nrf24l01.o(i.NRF_SendPacket) refers to nrf24l01.o(i.NRF_WriteTXPayload) for NRF_WriteTXPayload
    nrf24l01.o(i.NRF_SendPacket) refers to nrf24l01.o(i.NRF_CE_SETPIN) for NRF_CE_SETPIN
    nrf24l01.o(i.NRF_SetAddressWidth) refers to nrf24l01.o(i.NRF_ReadRegister) for NRF_ReadRegister
    nrf24l01.o(i.NRF_SetAddressWidth) refers to nrf24l01.o(i.NRF_WriteRegister) for NRF_WriteRegister
    nrf24l01.o(i.NRF_SetCCW) refers to nrf24l01.o(i.NRF_ReadRegister) for NRF_ReadRegister
    nrf24l01.o(i.NRF_SetCCW) refers to nrf24l01.o(i.NRF_WriteRegister) for NRF_WriteRegister
    nrf24l01.o(i.NRF_SetCRCWidth) refers to nrf24l01.o(i.NRF_ReadRegister) for NRF_ReadRegister
    nrf24l01.o(i.NRF_SetCRCWidth) refers to nrf24l01.o(i.NRF_WriteRegister) for NRF_WriteRegister
    nrf24l01.o(i.NRF_SetDataRate) refers to nrf24l01.o(i.NRF_ReadRegister) for NRF_ReadRegister
    nrf24l01.o(i.NRF_SetDataRate) refers to nrf24l01.o(i.NRF_WriteRegister) for NRF_WriteRegister
    nrf24l01.o(i.NRF_SetPipeAddress) refers to nrf24l01.o(i.NRF_SendCommand) for NRF_SendCommand
    nrf24l01.o(i.NRF_SetRFChannel) refers to nrf24l01.o(i.NRF_ReadRegister) for NRF_ReadRegister
    nrf24l01.o(i.NRF_SetRFChannel) refers to nrf24l01.o(i.NRF_WriteRegister) for NRF_WriteRegister
    nrf24l01.o(i.NRF_SetRXAddress_P0) refers to nrf24l01.o(i.NRF_SendCommand) for NRF_SendCommand
    nrf24l01.o(i.NRF_SetRXPayloadWidth_P0) refers to nrf24l01.o(i.NRF_WriteRegister) for NRF_WriteRegister
    nrf24l01.o(i.NRF_SetRetransmittionCount) refers to nrf24l01.o(i.NRF_ReadRegister) for NRF_ReadRegister
    nrf24l01.o(i.NRF_SetRetransmittionCount) refers to nrf24l01.o(i.NRF_WriteRegister) for NRF_WriteRegister
    nrf24l01.o(i.NRF_SetRetransmittionDelay) refers to nrf24l01.o(i.NRF_ReadRegister) for NRF_ReadRegister
    nrf24l01.o(i.NRF_SetRetransmittionDelay) refers to nrf24l01.o(i.NRF_WriteRegister) for NRF_WriteRegister
    nrf24l01.o(i.NRF_SetTXAddress) refers to nrf24l01.o(i.NRF_SendCommand) for NRF_SendCommand
    nrf24l01.o(i.NRF_SetTXPower) refers to nrf24l01.o(i.NRF_ReadRegister) for NRF_ReadRegister
    nrf24l01.o(i.NRF_SetTXPower) refers to nrf24l01.o(i.NRF_WriteRegister) for NRF_WriteRegister
    nrf24l01.o(i.NRF_SetupGPIO) refers to stm32f4xx_hal_gpio.o(i.HAL_GPIO_Init) for HAL_GPIO_Init
    nrf24l01.o(i.NRF_SetupGPIO) refers to stm32f4xx_hal_cortex.o(i.HAL_NVIC_SetPriority) for HAL_NVIC_SetPriority
    nrf24l01.o(i.NRF_SetupGPIO) refers to stm32f4xx_hal_cortex.o(i.HAL_NVIC_EnableIRQ) for HAL_NVIC_EnableIRQ
    nrf24l01.o(i.NRF_SetupGPIO) refers to nrf24l01.o(i.NRF_CS_RESETPIN) for NRF_CS_RESETPIN
    nrf24l01.o(i.NRF_SetupGPIO) refers to nrf24l01.o(i.NRF_CE_RESETPIN) for NRF_CE_RESETPIN
    nrf24l01.o(i.NRF_SetupGPIO) refers to stm32f4xx_hal.o(i.HAL_Delay) for HAL_Delay
    nrf24l01.o(i.NRF_WriteRegister) refers to nrf24l01.o(i.NRF_SendCommand) for NRF_SendCommand
    nrf24l01.o(i.NRF_WriteTXPayload) refers to malloc.o(i.malloc) for malloc
    nrf24l01.o(i.NRF_WriteTXPayload) refers to nrf24l01.o(i.NRF_SendCommand) for NRF_SendCommand
    nrf24l01.o(i.NRF_WriteTXPayload) refers to malloc.o(i.free) for free
    entry.o(.ARM.Collect$$$$00000000) refers (Special) to entry10a.o(.ARM.Collect$$$$0000000D) for __rt_final_cpp
    entry.o(.ARM.Collect$$$$00000000) refers (Special) to entry11a.o(.ARM.Collect$$$$0000000F) for __rt_final_exit
    entry.o(.ARM.Collect$$$$00000000) refers (Special) to entry7b.o(.ARM.Collect$$$$00000008) for _main_clock
    entry.o(.ARM.Collect$$$$00000000) refers (Special) to entry8b.o(.ARM.Collect$$$$0000000A) for _main_cpp_init
    entry.o(.ARM.Collect$$$$00000000) refers (Special) to entry9a.o(.ARM.Collect$$$$0000000B) for _main_init
    entry.o(.ARM.Collect$$$$00000000) refers (Special) to entry5.o(.ARM.Collect$$$$00000004) for _main_scatterload
    entry.o(.ARM.Collect$$$$00000000) refers (Special) to entry2.o(.ARM.Collect$$$$00000001) for _main_stk
    uldiv.o(.text) refers to llushr.o(.text) for __aeabi_llsr
    uldiv.o(.text) refers to llshl.o(.text) for __aeabi_llsl
    malloc.o(i.free) refers to mvars.o(.data) for __microlib_freelist
    malloc.o(i.malloc) refers to mvars.o(.data) for __microlib_freelist_initialised
    malloc.o(i.malloc) refers to mvars.o(.data) for __microlib_freelist
    malloc.o(i.malloc) refers to startup_stm32f407xx.o(HEAP) for __heap_base
    mallocr.o(i.__free$realloc) refers to mvars.o(.data) for __microlib_freelist
    mallocr.o(i.__malloc$realloc) refers to mallocr.o(i.internal_alloc) for internal_alloc
    mallocr.o(i.__malloc$realloc) refers to mvars.o(.data) for __microlib_freelist_initialised
    mallocr.o(i.__malloc$realloc) refers to startup_stm32f407xx.o(HEAP) for __heap_base
    mallocr.o(i.__malloc$realloc) refers to mvars.o(.data) for __microlib_freelist
    mallocr.o(i.internal_alloc) refers to memcpya.o(.text) for __aeabi_memcpy
    mallocr.o(i.internal_alloc) refers to mvars.o(.data) for __microlib_freelist
    mallocr.o(i.realloc) refers to mallocr.o(i.__free$realloc) for __free$realloc
    mallocr.o(i.realloc) refers to mallocr.o(i.internal_alloc) for internal_alloc
    mallocr.o(i.realloc) refers to mallocr.o(i.__malloc$realloc) for __malloc$realloc
    mallocr.o(i.realloc) refers to mvars.o(.data) for __microlib_freelist
    malloca.o(i.__aligned_malloc) refers to mvars.o(.data) for __microlib_freelist_initialised
    malloca.o(i.__aligned_malloc) refers to mvars.o(.data) for __microlib_freelist
    malloca.o(i.__aligned_malloc) refers to startup_stm32f407xx.o(HEAP) for __heap_base
    malloca.o(i.__free$memalign) refers to mvars.o(.data) for __microlib_freelist
    malloca.o(i.__malloc$memalign) refers to malloca.o(i.__aligned_malloc) for __aligned_malloc
    mallocra.o(i.__aligned_malloc$realloc) refers to mallocra.o(i.internal_alloc) for internal_alloc
    mallocra.o(i.__aligned_malloc$realloc) refers to mvars.o(.data) for __microlib_freelist_initialised
    mallocra.o(i.__aligned_malloc$realloc) refers to startup_stm32f407xx.o(HEAP) for __heap_base
    mallocra.o(i.__aligned_malloc$realloc) refers to mvars.o(.data) for __microlib_freelist
    mallocra.o(i.__free$realloc$memalign) refers to mvars.o(.data) for __microlib_freelist
    mallocra.o(i.__malloc$realloc$memalign) refers to mallocra.o(i.__aligned_malloc$realloc) for __aligned_malloc$realloc
    mallocra.o(i.__realloc$memalign) refers to mallocra.o(i.__free$realloc$memalign) for __free$realloc$memalign
    mallocra.o(i.__realloc$memalign) refers to mallocra.o(i.internal_alloc) for internal_alloc
    mallocra.o(i.__realloc$memalign) refers to mallocra.o(i.__malloc$realloc$memalign) for __malloc$realloc$memalign
    mallocra.o(i.__realloc$memalign) refers to mvars.o(.data) for __microlib_freelist
    mallocra.o(i.internal_alloc) refers to memcpya.o(.text) for __aeabi_memcpy
    mallocra.o(i.internal_alloc) refers to mvars.o(.data) for __microlib_freelist
    entry2.o(.ARM.Collect$$$$00000001) refers to entry2.o(.ARM.Collect$$$$00002712) for __lit__00000000
    entry2.o(.ARM.Collect$$$$00002712) refers to startup_stm32f407xx.o(STACK) for __initial_sp
    entry2.o(__vectab_stack_and_reset_area) refers to startup_stm32f407xx.o(STACK) for __initial_sp
    entry2.o(__vectab_stack_and_reset_area) refers to entry.o(.ARM.Collect$$$$00000000) for __main
    entry5.o(.ARM.Collect$$$$00000004) refers to init.o(.text) for __scatterload
    entry9a.o(.ARM.Collect$$$$0000000B) refers to main.o(i.main) for main
    entry9b.o(.ARM.Collect$$$$0000000C) refers to main.o(i.main) for main
    init.o(.text) refers to entry5.o(.ARM.Collect$$$$00000004) for __main_after_scatterload


==============================================================================

Removing Unused input sections from the image.

    Removing stm32f4xx_hal_spi.o(.rev16_text), (4 bytes).
    Removing stm32f4xx_hal_spi.o(.revsh_text), (4 bytes).
    Removing stm32f4xx_hal_spi.o(.rrx_text), (6 bytes).
    Removing stm32f4xx_hal_spi.o(i.HAL_SPI_Abort), (192 bytes).
    Removing stm32f4xx_hal_spi.o(i.HAL_SPI_AbortCpltCallback), (2 bytes).
    Removing stm32f4xx_hal_spi.o(i.HAL_SPI_Abort_IT), (232 bytes).
    Removing stm32f4xx_hal_spi.o(i.HAL_SPI_DMAPause), (38 bytes).
    Removing stm32f4xx_hal_spi.o(i.HAL_SPI_DMAResume), (38 bytes).
    Removing stm32f4xx_hal_spi.o(i.HAL_SPI_DMAStop), (40 bytes).
    Removing stm32f4xx_hal_spi.o(i.HAL_SPI_DeInit), (46 bytes).
    Removing stm32f4xx_hal_spi.o(i.HAL_SPI_ErrorCallback), (2 bytes).
    Removing stm32f4xx_hal_spi.o(i.HAL_SPI_GetError), (4 bytes).
    Removing stm32f4xx_hal_spi.o(i.HAL_SPI_GetState), (6 bytes).
    Removing stm32f4xx_hal_spi.o(i.HAL_SPI_IRQHandler), (212 bytes).
    Removing stm32f4xx_hal_spi.o(i.HAL_SPI_MspDeInit), (2 bytes).
    Removing stm32f4xx_hal_spi.o(i.HAL_SPI_MspInit), (2 bytes).
    Removing stm32f4xx_hal_spi.o(i.HAL_SPI_Receive), (336 bytes).
    Removing stm32f4xx_hal_spi.o(i.HAL_SPI_Receive_DMA), (212 bytes).
    Removing stm32f4xx_hal_spi.o(i.HAL_SPI_Receive_IT), (164 bytes).
    Removing stm32f4xx_hal_spi.o(i.HAL_SPI_RxCpltCallback), (2 bytes).
    Removing stm32f4xx_hal_spi.o(i.HAL_SPI_RxHalfCpltCallback), (2 bytes).
    Removing stm32f4xx_hal_spi.o(i.HAL_SPI_Transmit), (360 bytes).
    Removing stm32f4xx_hal_spi.o(i.HAL_SPI_TransmitReceive_DMA), (264 bytes).
    Removing stm32f4xx_hal_spi.o(i.HAL_SPI_TransmitReceive_IT), (164 bytes).
    Removing stm32f4xx_hal_spi.o(i.HAL_SPI_Transmit_DMA), (184 bytes).
    Removing stm32f4xx_hal_spi.o(i.HAL_SPI_Transmit_IT), (152 bytes).
    Removing stm32f4xx_hal_spi.o(i.HAL_SPI_TxCpltCallback), (2 bytes).
    Removing stm32f4xx_hal_spi.o(i.HAL_SPI_TxHalfCpltCallback), (2 bytes).
    Removing stm32f4xx_hal_spi.o(i.HAL_SPI_TxRxCpltCallback), (2 bytes).
    Removing stm32f4xx_hal_spi.o(i.HAL_SPI_TxRxHalfCpltCallback), (2 bytes).
    Removing stm32f4xx_hal_spi.o(i.SPI_2linesRxISR_16BIT), (48 bytes).
    Removing stm32f4xx_hal_spi.o(i.SPI_2linesRxISR_8BIT), (46 bytes).
    Removing stm32f4xx_hal_spi.o(i.SPI_2linesTxISR_16BIT), (48 bytes).
    Removing stm32f4xx_hal_spi.o(i.SPI_2linesTxISR_8BIT), (46 bytes).
    Removing stm32f4xx_hal_spi.o(i.SPI_AbortRx_ISR), (80 bytes).
    Removing stm32f4xx_hal_spi.o(i.SPI_AbortTx_ISR), (22 bytes).
    Removing stm32f4xx_hal_spi.o(i.SPI_CloseRxTx_ISR), (144 bytes).
    Removing stm32f4xx_hal_spi.o(i.SPI_CloseRx_ISR), (78 bytes).
    Removing stm32f4xx_hal_spi.o(i.SPI_CloseTx_ISR), (124 bytes).
    Removing stm32f4xx_hal_spi.o(i.SPI_DMAAbortOnError), (16 bytes).
    Removing stm32f4xx_hal_spi.o(i.SPI_DMAError), (34 bytes).
    Removing stm32f4xx_hal_spi.o(i.SPI_DMAHalfReceiveCplt), (10 bytes).
    Removing stm32f4xx_hal_spi.o(i.SPI_DMAHalfTransmitCplt), (10 bytes).
    Removing stm32f4xx_hal_spi.o(i.SPI_DMAHalfTransmitReceiveCplt), (10 bytes).
    Removing stm32f4xx_hal_spi.o(i.SPI_DMAReceiveCplt), (82 bytes).
    Removing stm32f4xx_hal_spi.o(i.SPI_DMARxAbortCallback), (70 bytes).
    Removing stm32f4xx_hal_spi.o(i.SPI_DMATransmitCplt), (90 bytes).
    Removing stm32f4xx_hal_spi.o(i.SPI_DMATransmitReceiveCplt), (80 bytes).
    Removing stm32f4xx_hal_spi.o(i.SPI_DMATxAbortCallback), (104 bytes).
    Removing stm32f4xx_hal_spi.o(i.SPI_RxISR_16BIT), (32 bytes).
    Removing stm32f4xx_hal_spi.o(i.SPI_RxISR_8BIT), (30 bytes).
    Removing stm32f4xx_hal_spi.o(i.SPI_TxISR_16BIT), (32 bytes).
    Removing stm32f4xx_hal_spi.o(i.SPI_TxISR_8BIT), (30 bytes).
    Removing stm32f4xx_hal_tim.o(.rev16_text), (4 bytes).
    Removing stm32f4xx_hal_tim.o(.revsh_text), (4 bytes).
    Removing stm32f4xx_hal_tim.o(.rrx_text), (6 bytes).
    Removing stm32f4xx_hal_uart.o(.rev16_text), (4 bytes).
    Removing stm32f4xx_hal_uart.o(.revsh_text), (4 bytes).
    Removing stm32f4xx_hal_uart.o(.rrx_text), (6 bytes).
    Removing stm32f4xx_hal_uart.o(i.HAL_HalfDuplex_EnableReceiver), (50 bytes).
    Removing stm32f4xx_hal_uart.o(i.HAL_HalfDuplex_EnableTransmitter), (50 bytes).
    Removing stm32f4xx_hal_uart.o(i.HAL_HalfDuplex_Init), (108 bytes).
    Removing stm32f4xx_hal_uart.o(i.HAL_LIN_Init), (128 bytes).
    Removing stm32f4xx_hal_uart.o(i.HAL_LIN_SendBreak), (46 bytes).
    Removing stm32f4xx_hal_uart.o(i.HAL_MultiProcessor_EnterMuteMode), (46 bytes).
    Removing stm32f4xx_hal_uart.o(i.HAL_MultiProcessor_ExitMuteMode), (46 bytes).
    Removing stm32f4xx_hal_uart.o(i.HAL_MultiProcessor_Init), (142 bytes).
    Removing stm32f4xx_hal_uart.o(i.HAL_UART_Abort), (104 bytes).
    Removing stm32f4xx_hal_uart.o(i.HAL_UART_AbortCpltCallback), (2 bytes).
    Removing stm32f4xx_hal_uart.o(i.HAL_UART_AbortReceive), (68 bytes).
    Removing stm32f4xx_hal_uart.o(i.HAL_UART_AbortReceiveCpltCallback), (2 bytes).
    Removing stm32f4xx_hal_uart.o(i.HAL_UART_AbortReceive_IT), (92 bytes).
    Removing stm32f4xx_hal_uart.o(i.HAL_UART_AbortTransmit), (58 bytes).
    Removing stm32f4xx_hal_uart.o(i.HAL_UART_AbortTransmitCpltCallback), (2 bytes).
    Removing stm32f4xx_hal_uart.o(i.HAL_UART_AbortTransmit_IT), (84 bytes).
    Removing stm32f4xx_hal_uart.o(i.HAL_UART_Abort_IT), (172 bytes).
    Removing stm32f4xx_hal_uart.o(i.HAL_UART_DMAPause), (102 bytes).
    Removing stm32f4xx_hal_uart.o(i.HAL_UART_DMAResume), (94 bytes).
    Removing stm32f4xx_hal_uart.o(i.HAL_UART_DMAStop), (88 bytes).
    Removing stm32f4xx_hal_uart.o(i.HAL_UART_DeInit), (40 bytes).
    Removing stm32f4xx_hal_uart.o(i.HAL_UART_ErrorCallback), (2 bytes).
    Removing stm32f4xx_hal_uart.o(i.HAL_UART_GetError), (4 bytes).
    Removing stm32f4xx_hal_uart.o(i.HAL_UART_GetState), (10 bytes).
    Removing stm32f4xx_hal_uart.o(i.HAL_UART_IRQHandler), (272 bytes).
    Removing stm32f4xx_hal_uart.o(i.HAL_UART_Init), (98 bytes).
    Removing stm32f4xx_hal_uart.o(i.HAL_UART_MspDeInit), (2 bytes).
    Removing stm32f4xx_hal_uart.o(i.HAL_UART_MspInit), (2 bytes).
    Removing stm32f4xx_hal_uart.o(i.HAL_UART_Receive), (184 bytes).
    Removing stm32f4xx_hal_uart.o(i.HAL_UART_Receive_DMA), (152 bytes).
    Removing stm32f4xx_hal_uart.o(i.HAL_UART_Receive_IT), (72 bytes).
    Removing stm32f4xx_hal_uart.o(i.HAL_UART_RxCpltCallback), (2 bytes).
    Removing stm32f4xx_hal_uart.o(i.HAL_UART_RxHalfCpltCallback), (2 bytes).
    Removing stm32f4xx_hal_uart.o(i.HAL_UART_Transmit), (186 bytes).
    Removing stm32f4xx_hal_uart.o(i.HAL_UART_Transmit_DMA), (128 bytes).
    Removing stm32f4xx_hal_uart.o(i.HAL_UART_Transmit_IT), (62 bytes).
    Removing stm32f4xx_hal_uart.o(i.HAL_UART_TxCpltCallback), (2 bytes).
    Removing stm32f4xx_hal_uart.o(i.HAL_UART_TxHalfCpltCallback), (2 bytes).
    Removing stm32f4xx_hal_uart.o(i.UART_DMAAbortOnError), (16 bytes).
    Removing stm32f4xx_hal_uart.o(i.UART_DMAError), (74 bytes).
    Removing stm32f4xx_hal_uart.o(i.UART_DMAReceiveCplt), (60 bytes).
    Removing stm32f4xx_hal_uart.o(i.UART_DMARxAbortCallback), (42 bytes).
    Removing stm32f4xx_hal_uart.o(i.UART_DMARxHalfCplt), (10 bytes).
    Removing stm32f4xx_hal_uart.o(i.UART_DMARxOnlyAbortCallback), (20 bytes).
    Removing stm32f4xx_hal_uart.o(i.UART_DMATransmitCplt), (46 bytes).
    Removing stm32f4xx_hal_uart.o(i.UART_DMATxAbortCallback), (42 bytes).
    Removing stm32f4xx_hal_uart.o(i.UART_DMATxHalfCplt), (10 bytes).
    Removing stm32f4xx_hal_uart.o(i.UART_DMATxOnlyAbortCallback), (20 bytes).
    Removing stm32f4xx_hal_uart.o(i.UART_EndRxTransfer), (28 bytes).
    Removing stm32f4xx_hal_uart.o(i.UART_EndTxTransfer), (18 bytes).
    Removing stm32f4xx_hal_uart.o(i.UART_Receive_IT), (140 bytes).
    Removing stm32f4xx_hal_uart.o(i.UART_SetConfig), (684 bytes).
    Removing stm32f4xx_hal_uart.o(i.UART_Transmit_IT), (98 bytes).
    Removing stm32f4xx_hal_uart.o(i.UART_WaitOnFlagUntilTimeout), (100 bytes).
    Removing stm32f4xx_hal_dma_ex.o(.rev16_text), (4 bytes).
    Removing stm32f4xx_hal_dma_ex.o(.revsh_text), (4 bytes).
    Removing stm32f4xx_hal_dma_ex.o(.rrx_text), (6 bytes).
    Removing stm32f4xx_hal_dma_ex.o(i.DMA_MultiBufferSetConfig), (30 bytes).
    Removing stm32f4xx_hal_dma_ex.o(i.HAL_DMAEx_ChangeMemory), (14 bytes).
    Removing stm32f4xx_hal_dma_ex.o(i.HAL_DMAEx_MultiBufferStart), (100 bytes).
    Removing stm32f4xx_hal_dma_ex.o(i.HAL_DMAEx_MultiBufferStart_IT), (2432 bytes).
    Removing stm32f4xx_hal_cortex.o(.rev16_text), (4 bytes).
    Removing stm32f4xx_hal_cortex.o(.revsh_text), (4 bytes).
    Removing stm32f4xx_hal_cortex.o(.rrx_text), (6 bytes).
    Removing stm32f4xx_hal_cortex.o(i.HAL_MPU_ConfigRegion), (84 bytes).
    Removing stm32f4xx_hal_cortex.o(i.HAL_MPU_Disable), (28 bytes).
    Removing stm32f4xx_hal_cortex.o(i.HAL_MPU_Enable), (36 bytes).
    Removing stm32f4xx_hal_cortex.o(i.HAL_NVIC_ClearPendingIRQ), (22 bytes).
    Removing stm32f4xx_hal_cortex.o(i.HAL_NVIC_GetActive), (32 bytes).
    Removing stm32f4xx_hal_cortex.o(i.HAL_NVIC_GetPendingIRQ), (32 bytes).
    Removing stm32f4xx_hal_cortex.o(i.HAL_NVIC_GetPriority), (82 bytes).
    Removing stm32f4xx_hal_cortex.o(i.HAL_NVIC_GetPriorityGrouping), (16 bytes).
    Removing stm32f4xx_hal_cortex.o(i.HAL_NVIC_SetPendingIRQ), (22 bytes).
    Removing stm32f4xx_hal_cortex.o(i.HAL_NVIC_SystemReset), (36 bytes).
    Removing stm32f4xx_hal_pwr_ex.o(.rev16_text), (4 bytes).
    Removing stm32f4xx_hal_pwr_ex.o(.revsh_text), (4 bytes).
    Removing stm32f4xx_hal_pwr_ex.o(.rrx_text), (6 bytes).
    Removing stm32f4xx_hal_pwr_ex.o(i.HAL_PWREx_ControlVoltageScaling), (88 bytes).
    Removing stm32f4xx_hal_pwr_ex.o(i.HAL_PWREx_DisableBkUpReg), (60 bytes).
    Removing stm32f4xx_hal_pwr_ex.o(i.HAL_PWREx_DisableFlashPowerDown), (12 bytes).
    Removing stm32f4xx_hal_pwr_ex.o(i.HAL_PWREx_EnableBkUpReg), (60 bytes).
    Removing stm32f4xx_hal_pwr_ex.o(i.HAL_PWREx_EnableFlashPowerDown), (12 bytes).
    Removing stm32f4xx_hal_pwr_ex.o(i.HAL_PWREx_GetVoltageRange), (16 bytes).
    Removing stm32f4xx_hal_tim_ex.o(.rev16_text), (4 bytes).
    Removing stm32f4xx_hal_tim_ex.o(.revsh_text), (4 bytes).
    Removing stm32f4xx_hal_tim_ex.o(.rrx_text), (6 bytes).
    Removing stm32f4xx_hal_flash.o(.rev16_text), (4 bytes).
    Removing stm32f4xx_hal_flash.o(.revsh_text), (4 bytes).
    Removing stm32f4xx_hal_flash.o(.rrx_text), (6 bytes).
    Removing stm32f4xx_hal_flash.o(i.FLASH_Program_Byte), (32 bytes).
    Removing stm32f4xx_hal_flash.o(i.FLASH_Program_DoubleWord), (40 bytes).
    Removing stm32f4xx_hal_flash.o(i.FLASH_Program_HalfWord), (36 bytes).
    Removing stm32f4xx_hal_flash.o(i.FLASH_Program_Word), (36 bytes).
    Removing stm32f4xx_hal_flash.o(i.FLASH_SetErrorCode), (104 bytes).
    Removing stm32f4xx_hal_flash.o(i.FLASH_WaitForLastOperation), (80 bytes).
    Removing stm32f4xx_hal_flash.o(i.HAL_FLASH_EndOfOperationCallback), (2 bytes).
    Removing stm32f4xx_hal_flash.o(i.HAL_FLASH_GetError), (12 bytes).
    Removing stm32f4xx_hal_flash.o(i.HAL_FLASH_IRQHandler), (204 bytes).
    Removing stm32f4xx_hal_flash.o(i.HAL_FLASH_Lock), (20 bytes).
    Removing stm32f4xx_hal_flash.o(i.HAL_FLASH_OB_Launch), (24 bytes).
    Removing stm32f4xx_hal_flash.o(i.HAL_FLASH_OB_Lock), (20 bytes).
    Removing stm32f4xx_hal_flash.o(i.HAL_FLASH_OB_Unlock), (40 bytes).
    Removing stm32f4xx_hal_flash.o(i.HAL_FLASH_OperationErrorCallback), (2 bytes).
    Removing stm32f4xx_hal_flash.o(i.HAL_FLASH_Program), (124 bytes).
    Removing stm32f4xx_hal_flash.o(i.HAL_FLASH_Program_IT), (108 bytes).
    Removing stm32f4xx_hal_flash.o(i.HAL_FLASH_Unlock), (44 bytes).
    Removing stm32f4xx_hal_flash.o(.bss), (32 bytes).
    Removing stm32f4xx_hal_gpio.o(.rev16_text), (4 bytes).
    Removing stm32f4xx_hal_gpio.o(.revsh_text), (4 bytes).
    Removing stm32f4xx_hal_gpio.o(.rrx_text), (6 bytes).
    Removing stm32f4xx_hal_gpio.o(i.HAL_GPIO_DeInit), (328 bytes).
    Removing stm32f4xx_hal_gpio.o(i.HAL_GPIO_LockPin), (34 bytes).
    Removing stm32f4xx_hal_gpio.o(i.HAL_GPIO_ReadPin), (10 bytes).
    Removing stm32f4xx_hal_gpio.o(i.HAL_GPIO_TogglePin), (8 bytes).
    Removing stm32f4xx_hal_flash_ex.o(.rev16_text), (4 bytes).
    Removing stm32f4xx_hal_flash_ex.o(.revsh_text), (4 bytes).
    Removing stm32f4xx_hal_flash_ex.o(.rrx_text), (6 bytes).
    Removing stm32f4xx_hal_flash_ex.o(i.FLASH_Erase_Sector), (80 bytes).
    Removing stm32f4xx_hal_flash_ex.o(i.FLASH_FlushCaches), (84 bytes).
    Removing stm32f4xx_hal_flash_ex.o(i.FLASH_MassErase), (40 bytes).
    Removing stm32f4xx_hal_flash_ex.o(i.HAL_FLASHEx_Erase), (152 bytes).
    Removing stm32f4xx_hal_flash_ex.o(i.HAL_FLASHEx_Erase_IT), (104 bytes).
    Removing stm32f4xx_hal_flash_ex.o(i.HAL_FLASHEx_OBGetConfig), (64 bytes).
    Removing stm32f4xx_hal_flash_ex.o(i.HAL_FLASHEx_OBProgram), (204 bytes).
    Removing stm32f4xx_hal.o(.rev16_text), (4 bytes).
    Removing stm32f4xx_hal.o(.revsh_text), (4 bytes).
    Removing stm32f4xx_hal.o(.rrx_text), (6 bytes).
    Removing stm32f4xx_hal.o(i.HAL_DBGMCU_DisableDBGSleepMode), (16 bytes).
    Removing stm32f4xx_hal.o(i.HAL_DBGMCU_DisableDBGStandbyMode), (16 bytes).
    Removing stm32f4xx_hal.o(i.HAL_DBGMCU_DisableDBGStopMode), (16 bytes).
    Removing stm32f4xx_hal.o(i.HAL_DBGMCU_EnableDBGSleepMode), (16 bytes).
    Removing stm32f4xx_hal.o(i.HAL_DBGMCU_EnableDBGStandbyMode), (16 bytes).
    Removing stm32f4xx_hal.o(i.HAL_DBGMCU_EnableDBGStopMode), (16 bytes).
    Removing stm32f4xx_hal.o(i.HAL_DeInit), (52 bytes).
    Removing stm32f4xx_hal.o(i.HAL_DisableCompensationCell), (12 bytes).
    Removing stm32f4xx_hal.o(i.HAL_EnableCompensationCell), (12 bytes).
    Removing stm32f4xx_hal.o(i.HAL_GetDEVID), (16 bytes).
    Removing stm32f4xx_hal.o(i.HAL_GetHalVersion), (8 bytes).
    Removing stm32f4xx_hal.o(i.HAL_GetREVID), (12 bytes).
    Removing stm32f4xx_hal.o(i.HAL_GetTickFreq), (12 bytes).
    Removing stm32f4xx_hal.o(i.HAL_GetTickPrio), (12 bytes).
    Removing stm32f4xx_hal.o(i.HAL_GetUID), (28 bytes).
    Removing stm32f4xx_hal.o(i.HAL_MspDeInit), (2 bytes).
    Removing stm32f4xx_hal.o(i.HAL_MspInit), (2 bytes).
    Removing stm32f4xx_hal.o(i.HAL_ResumeTick), (14 bytes).
    Removing stm32f4xx_hal.o(i.HAL_SetTickFreq), (28 bytes).
    Removing stm32f4xx_hal.o(i.HAL_SuspendTick), (14 bytes).
    Removing stm32f4xx_hal_pwr.o(.rev16_text), (4 bytes).
    Removing stm32f4xx_hal_pwr.o(.revsh_text), (4 bytes).
    Removing stm32f4xx_hal_pwr.o(.rrx_text), (6 bytes).
    Removing stm32f4xx_hal_pwr.o(i.HAL_PWR_ConfigPVD), (124 bytes).
    Removing stm32f4xx_hal_pwr.o(i.HAL_PWR_DeInit), (24 bytes).
    Removing stm32f4xx_hal_pwr.o(i.HAL_PWR_DisableBkUpAccess), (12 bytes).
    Removing stm32f4xx_hal_pwr.o(i.HAL_PWR_DisablePVD), (12 bytes).
    Removing stm32f4xx_hal_pwr.o(i.HAL_PWR_DisableSEVOnPend), (16 bytes).
    Removing stm32f4xx_hal_pwr.o(i.HAL_PWR_DisableSleepOnExit), (16 bytes).
    Removing stm32f4xx_hal_pwr.o(i.HAL_PWR_DisableWakeUpPin), (16 bytes).
    Removing stm32f4xx_hal_pwr.o(i.HAL_PWR_EnableBkUpAccess), (12 bytes).
    Removing stm32f4xx_hal_pwr.o(i.HAL_PWR_EnablePVD), (12 bytes).
    Removing stm32f4xx_hal_pwr.o(i.HAL_PWR_EnableSEVOnPend), (16 bytes).
    Removing stm32f4xx_hal_pwr.o(i.HAL_PWR_EnableSleepOnExit), (16 bytes).
    Removing stm32f4xx_hal_pwr.o(i.HAL_PWR_EnableWakeUpPin), (16 bytes).
    Removing stm32f4xx_hal_pwr.o(i.HAL_PWR_EnterSLEEPMode), (32 bytes).
    Removing stm32f4xx_hal_pwr.o(i.HAL_PWR_EnterSTANDBYMode), (32 bytes).
    Removing stm32f4xx_hal_pwr.o(i.HAL_PWR_EnterSTOPMode), (56 bytes).
    Removing stm32f4xx_hal_pwr.o(i.HAL_PWR_PVDCallback), (2 bytes).
    Removing stm32f4xx_hal_pwr.o(i.HAL_PWR_PVD_IRQHandler), (28 bytes).
    Removing stm32f4xx_hal_flash_ramfunc.o(.rev16_text), (4 bytes).
    Removing stm32f4xx_hal_flash_ramfunc.o(.revsh_text), (4 bytes).
    Removing stm32f4xx_hal_flash_ramfunc.o(.rrx_text), (6 bytes).
    Removing stm32f4xx_hal_rcc.o(.rev16_text), (4 bytes).
    Removing stm32f4xx_hal_rcc.o(.revsh_text), (4 bytes).
    Removing stm32f4xx_hal_rcc.o(.rrx_text), (6 bytes).
    Removing stm32f4xx_hal_rcc.o(i.HAL_RCC_CSSCallback), (2 bytes).
    Removing stm32f4xx_hal_rcc.o(i.HAL_RCC_DeInit), (4 bytes).
    Removing stm32f4xx_hal_rcc.o(i.HAL_RCC_DisableCSS), (12 bytes).
    Removing stm32f4xx_hal_rcc.o(i.HAL_RCC_EnableCSS), (12 bytes).
    Removing stm32f4xx_hal_rcc.o(i.HAL_RCC_GetClockConfig), (64 bytes).
    Removing stm32f4xx_hal_rcc.o(i.HAL_RCC_GetOscConfig), (180 bytes).
    Removing stm32f4xx_hal_rcc.o(i.HAL_RCC_GetPCLK1Freq), (32 bytes).
    Removing stm32f4xx_hal_rcc.o(i.HAL_RCC_GetPCLK2Freq), (32 bytes).
    Removing stm32f4xx_hal_rcc.o(i.HAL_RCC_MCOConfig), (140 bytes).
    Removing stm32f4xx_hal_rcc.o(i.HAL_RCC_NMI_IRQHandler), (28 bytes).
    Removing stm32f4xx_hal_rcc_ex.o(.rev16_text), (4 bytes).
    Removing stm32f4xx_hal_rcc_ex.o(.revsh_text), (4 bytes).
    Removing stm32f4xx_hal_rcc_ex.o(.rrx_text), (6 bytes).
    Removing stm32f4xx_hal_rcc_ex.o(i.HAL_RCCEx_DisablePLLI2S), (52 bytes).
    Removing stm32f4xx_hal_rcc_ex.o(i.HAL_RCCEx_EnablePLLI2S), (104 bytes).
    Removing stm32f4xx_hal_rcc_ex.o(i.HAL_RCCEx_GetPeriphCLKConfig), (52 bytes).
    Removing stm32f4xx_hal_rcc_ex.o(i.HAL_RCCEx_GetPeriphCLKFreq), (92 bytes).
    Removing stm32f4xx_hal_rcc_ex.o(i.HAL_RCCEx_PeriphCLKConfig), (316 bytes).
    Removing stm32f4xx_hal_rcc_ex.o(i.HAL_RCC_DeInit), (304 bytes).
    Removing stm32f4xx_hal_dma.o(.rev16_text), (4 bytes).
    Removing stm32f4xx_hal_dma.o(.revsh_text), (4 bytes).
    Removing stm32f4xx_hal_dma.o(.rrx_text), (6 bytes).
    Removing stm32f4xx_hal_dma.o(i.DMA_CalcBaseAndBitshift), (40 bytes).
    Removing stm32f4xx_hal_dma.o(i.DMA_CheckFifoParam), (84 bytes).
    Removing stm32f4xx_hal_dma.o(i.DMA_SetConfig), (40 bytes).
    Removing stm32f4xx_hal_dma.o(i.HAL_DMA_Abort), (142 bytes).
    Removing stm32f4xx_hal_dma.o(i.HAL_DMA_Abort_IT), (36 bytes).
    Removing stm32f4xx_hal_dma.o(i.HAL_DMA_DeInit), (86 bytes).
    Removing stm32f4xx_hal_dma.o(i.HAL_DMA_GetError), (4 bytes).
    Removing stm32f4xx_hal_dma.o(i.HAL_DMA_GetState), (6 bytes).
    Removing stm32f4xx_hal_dma.o(i.HAL_DMA_IRQHandler), (416 bytes).
    Removing stm32f4xx_hal_dma.o(i.HAL_DMA_Init), (212 bytes).
    Removing stm32f4xx_hal_dma.o(i.HAL_DMA_PollForTransfer), (292 bytes).
    Removing stm32f4xx_hal_dma.o(i.HAL_DMA_RegisterCallback), (80 bytes).
    Removing stm32f4xx_hal_dma.o(i.HAL_DMA_Start), (70 bytes).
    Removing stm32f4xx_hal_dma.o(i.HAL_DMA_Start_IT), (120 bytes).
    Removing stm32f4xx_hal_dma.o(i.HAL_DMA_UnRegisterCallback), (96 bytes).
    Removing stm32f4xx_hal_dma.o(.constdata), (8 bytes).
    Removing stm32f4xx_it.o(.rev16_text), (4 bytes).
    Removing stm32f4xx_it.o(.revsh_text), (4 bytes).
    Removing stm32f4xx_it.o(.rrx_text), (6 bytes).
    Removing main.o(.rev16_text), (4 bytes).
    Removing main.o(.revsh_text), (4 bytes).
    Removing main.o(.rrx_text), (6 bytes).
    Removing main.o(i._Error_Handler), (2 bytes).
    Removing main.o(.bss), (32 bytes).
    Removing main.o(.bss), (64 bytes).
    Removing main.o(.data), (32 bytes).
    Removing main.o(.data), (32 bytes).
    Removing main.o(.data), (5 bytes).
    Removing main.o(.data), (5 bytes).
    Removing main.o(.data), (1 bytes).
    Removing stm32f4xx_hal_msp.o(.rev16_text), (4 bytes).
    Removing stm32f4xx_hal_msp.o(.revsh_text), (4 bytes).
    Removing stm32f4xx_hal_msp.o(.rrx_text), (6 bytes).
    Removing stm32f4xx_hal_msp.o(i.HAL_SPI_MspDeInit), (104 bytes).
    Removing stm32f4xx_hal_msp.o(i.HAL_UART_MspDeInit), (44 bytes).
    Removing stm32f4xx_hal_msp.o(i.HAL_UART_MspInit), (76 bytes).
    Removing system_stm32f4xx.o(.rev16_text), (4 bytes).
    Removing system_stm32f4xx.o(.revsh_text), (4 bytes).
    Removing system_stm32f4xx.o(.rrx_text), (6 bytes).
    Removing system_stm32f4xx.o(i.SystemCoreClockUpdate), (124 bytes).
    Removing system_stm32f4xx.o(.constdata), (8 bytes).
    Removing nrf24l01.o(.rev16_text), (4 bytes).
    Removing nrf24l01.o(.revsh_text), (4 bytes).
    Removing nrf24l01.o(.rrx_text), (6 bytes).
    Removing nrf24l01.o(i.NRF_ClearInterrupts), (52 bytes).
    Removing nrf24l01.o(i.NRF_EnableAutoAcknowledgement), (56 bytes).
    Removing nrf24l01.o(i.NRF_EnableCRC), (62 bytes).
    Removing nrf24l01.o(i.NRF_EnableMaxRetransmitIRQ), (64 bytes).
    Removing nrf24l01.o(i.NRF_EnableRXDataReadyIRQ), (64 bytes).
    Removing nrf24l01.o(i.NRF_EnableRXPipe), (56 bytes).
    Removing nrf24l01.o(i.NRF_EnableTXDataSentIRQ), (64 bytes).
    Removing nrf24l01.o(i.NRF_FlushRX), (32 bytes).
    Removing nrf24l01.o(i.NRF_Init), (246 bytes).
    Removing nrf24l01.o(i.NRF_PullPacket), (22 bytes).
    Removing nrf24l01.o(i.NRF_PushPacket), (56 bytes).
    Removing nrf24l01.o(i.NRF_ReceivePacket), (58 bytes).
    Removing nrf24l01.o(i.NRF_SendPacket), (64 bytes).
    Removing nrf24l01.o(i.NRF_SetAddressWidth), (60 bytes).
    Removing nrf24l01.o(i.NRF_SetCCW), (62 bytes).
    Removing nrf24l01.o(i.NRF_SetCRCWidth), (68 bytes).
    Removing nrf24l01.o(i.NRF_SetDataRate), (90 bytes).
    Removing nrf24l01.o(i.NRF_SetPipeAddress), (44 bytes).
    Removing nrf24l01.o(i.NRF_SetRFChannel), (60 bytes).
    Removing nrf24l01.o(i.NRF_SetRXAddress_P0), (34 bytes).
    Removing nrf24l01.o(i.NRF_SetRXPayloadWidth_P0), (46 bytes).
    Removing nrf24l01.o(i.NRF_SetRetransmittionCount), (62 bytes).
    Removing nrf24l01.o(i.NRF_SetRetransmittionDelay), (64 bytes).
    Removing nrf24l01.o(i.NRF_SetTXAddress), (34 bytes).
    Removing nrf24l01.o(i.NRF_SetTXPower), (62 bytes).
    Removing nrf24l01.o(i.NRF_SetupGPIO), (120 bytes).
    Removing nrf24l01.o(i.NRF_WriteTXPayload), (52 bytes).

325 unused section(s) (total 19823 bytes) removed from the image.

==============================================================================

Image Symbol Table

    Local Symbols

    Symbol Name                              Value     Ov Type        Size  Object(Section)

    ../Drivers/STM32F4xx_HAL_Driver/Src/stm32f4xx_hal.c 0x00000000   Number         0  stm32f4xx_hal.o ABSOLUTE
    ../Drivers/STM32F4xx_HAL_Driver/Src/stm32f4xx_hal_cortex.c 0x00000000   Number         0  stm32f4xx_hal_cortex.o ABSOLUTE
    ../Drivers/STM32F4xx_HAL_Driver/Src/stm32f4xx_hal_dma.c 0x00000000   Number         0  stm32f4xx_hal_dma.o ABSOLUTE
    ../Drivers/STM32F4xx_HAL_Driver/Src/stm32f4xx_hal_dma_ex.c 0x00000000   Number         0  stm32f4xx_hal_dma_ex.o ABSOLUTE
    ../Drivers/STM32F4xx_HAL_Driver/Src/stm32f4xx_hal_flash.c 0x00000000   Number         0  stm32f4xx_hal_flash.o ABSOLUTE
    ../Drivers/STM32F4xx_HAL_Driver/Src/stm32f4xx_hal_flash_ex.c 0x00000000   Number         0  stm32f4xx_hal_flash_ex.o ABSOLUTE
    ../Drivers/STM32F4xx_HAL_Driver/Src/stm32f4xx_hal_flash_ramfunc.c 0x00000000   Number         0  stm32f4xx_hal_flash_ramfunc.o ABSOLUTE
    ../Drivers/STM32F4xx_HAL_Driver/Src/stm32f4xx_hal_gpio.c 0x00000000   Number         0  stm32f4xx_hal_gpio.o ABSOLUTE
    ../Drivers/STM32F4xx_HAL_Driver/Src/stm32f4xx_hal_pwr.c 0x00000000   Number         0  stm32f4xx_hal_pwr.o ABSOLUTE
    ../Drivers/STM32F4xx_HAL_Driver/Src/stm32f4xx_hal_pwr_ex.c 0x00000000   Number         0  stm32f4xx_hal_pwr_ex.o ABSOLUTE
    ../Drivers/STM32F4xx_HAL_Driver/Src/stm32f4xx_hal_rcc.c 0x00000000   Number         0  stm32f4xx_hal_rcc.o ABSOLUTE
    ../Drivers/STM32F4xx_HAL_Driver/Src/stm32f4xx_hal_rcc_ex.c 0x00000000   Number         0  stm32f4xx_hal_rcc_ex.o ABSOLUTE
    ../Drivers/STM32F4xx_HAL_Driver/Src/stm32f4xx_hal_spi.c 0x00000000   Number         0  stm32f4xx_hal_spi.o ABSOLUTE
    ../Drivers/STM32F4xx_HAL_Driver/Src/stm32f4xx_hal_tim.c 0x00000000   Number         0  stm32f4xx_hal_tim.o ABSOLUTE
    ../Drivers/STM32F4xx_HAL_Driver/Src/stm32f4xx_hal_tim_ex.c 0x00000000   Number         0  stm32f4xx_hal_tim_ex.o ABSOLUTE
    ../Drivers/STM32F4xx_HAL_Driver/Src/stm32f4xx_hal_uart.c 0x00000000   Number         0  stm32f4xx_hal_uart.o ABSOLUTE
    ../Src/main.c                            0x00000000   Number         0  main.o ABSOLUTE
    ../Src/stm32f4xx_hal_msp.c               0x00000000   Number         0  stm32f4xx_hal_msp.o ABSOLUTE
    ../Src/stm32f4xx_it.c                    0x00000000   Number         0  stm32f4xx_it.o ABSOLUTE
    ../Src/system_stm32f4xx.c                0x00000000   Number         0  system_stm32f4xx.o ABSOLUTE
    ../clib/microlib/division.c              0x00000000   Number         0  uldiv.o ABSOLUTE
    ../clib/microlib/init/entry.s            0x00000000   Number         0  entry7a.o ABSOLUTE
    ../clib/microlib/init/entry.s            0x00000000   Number         0  entry5.o ABSOLUTE
    ../clib/microlib/init/entry.s            0x00000000   Number         0  entry10a.o ABSOLUTE
    ../clib/microlib/init/entry.s            0x00000000   Number         0  entry7b.o ABSOLUTE
    ../clib/microlib/init/entry.s            0x00000000   Number         0  entry8a.o ABSOLUTE
    ../clib/microlib/init/entry.s            0x00000000   Number         0  entry8b.o ABSOLUTE
    ../clib/microlib/init/entry.s            0x00000000   Number         0  entry9a.o ABSOLUTE
    ../clib/microlib/init/entry.s            0x00000000   Number         0  entry9b.o ABSOLUTE
    ../clib/microlib/init/entry.s            0x00000000   Number         0  entry11b.o ABSOLUTE
    ../clib/microlib/init/entry.s            0x00000000   Number         0  entry10b.o ABSOLUTE
    ../clib/microlib/init/entry.s            0x00000000   Number         0  entry2.o ABSOLUTE
    ../clib/microlib/init/entry.s            0x00000000   Number         0  entry.o ABSOLUTE
    ../clib/microlib/init/entry.s            0x00000000   Number         0  entry11a.o ABSOLUTE
    ../clib/microlib/longlong.c              0x00000000   Number         0  llushr.o ABSOLUTE
    ../clib/microlib/longlong.c              0x00000000   Number         0  llshl.o ABSOLUTE
    ../clib/microlib/malloc/malloc.c         0x00000000   Number         0  malloc.o ABSOLUTE
    ../clib/microlib/malloc/malloc.c         0x00000000   Number         0  mallocra.o ABSOLUTE
    ../clib/microlib/malloc/malloc.c         0x00000000   Number         0  mallocr.o ABSOLUTE
    ../clib/microlib/malloc/malloc.c         0x00000000   Number         0  malloca.o ABSOLUTE
    ../clib/microlib/malloc/mvars.c          0x00000000   Number         0  mvars.o ABSOLUTE
    ../clib/microlib/string/memcpy.c         0x00000000   Number         0  memcpyb.o ABSOLUTE
    ../clib/microlib/string/memcpy.c         0x00000000   Number         0  memcpya.o ABSOLUTE
    ..\Drivers\STM32F4xx_HAL_Driver\Src\stm32f4xx_hal.c 0x00000000   Number         0  stm32f4xx_hal.o ABSOLUTE
    ..\Drivers\STM32F4xx_HAL_Driver\Src\stm32f4xx_hal_cortex.c 0x00000000   Number         0  stm32f4xx_hal_cortex.o ABSOLUTE
    ..\Drivers\STM32F4xx_HAL_Driver\Src\stm32f4xx_hal_dma.c 0x00000000   Number         0  stm32f4xx_hal_dma.o ABSOLUTE
    ..\Drivers\STM32F4xx_HAL_Driver\Src\stm32f4xx_hal_dma_ex.c 0x00000000   Number         0  stm32f4xx_hal_dma_ex.o ABSOLUTE
    ..\Drivers\STM32F4xx_HAL_Driver\Src\stm32f4xx_hal_flash.c 0x00000000   Number         0  stm32f4xx_hal_flash.o ABSOLUTE
    ..\Drivers\STM32F4xx_HAL_Driver\Src\stm32f4xx_hal_flash_ex.c 0x00000000   Number         0  stm32f4xx_hal_flash_ex.o ABSOLUTE
    ..\Drivers\STM32F4xx_HAL_Driver\Src\stm32f4xx_hal_flash_ramfunc.c 0x00000000   Number         0  stm32f4xx_hal_flash_ramfunc.o ABSOLUTE
    ..\Drivers\STM32F4xx_HAL_Driver\Src\stm32f4xx_hal_gpio.c 0x00000000   Number         0  stm32f4xx_hal_gpio.o ABSOLUTE
    ..\Drivers\STM32F4xx_HAL_Driver\Src\stm32f4xx_hal_pwr.c 0x00000000   Number         0  stm32f4xx_hal_pwr.o ABSOLUTE
    ..\Drivers\STM32F4xx_HAL_Driver\Src\stm32f4xx_hal_pwr_ex.c 0x00000000   Number         0  stm32f4xx_hal_pwr_ex.o ABSOLUTE
    ..\Drivers\STM32F4xx_HAL_Driver\Src\stm32f4xx_hal_rcc.c 0x00000000   Number         0  stm32f4xx_hal_rcc.o ABSOLUTE
    ..\Drivers\STM32F4xx_HAL_Driver\Src\stm32f4xx_hal_rcc_ex.c 0x00000000   Number         0  stm32f4xx_hal_rcc_ex.o ABSOLUTE
    ..\Drivers\STM32F4xx_HAL_Driver\Src\stm32f4xx_hal_spi.c 0x00000000   Number         0  stm32f4xx_hal_spi.o ABSOLUTE
    ..\Drivers\STM32F4xx_HAL_Driver\Src\stm32f4xx_hal_tim.c 0x00000000   Number         0  stm32f4xx_hal_tim.o ABSOLUTE
    ..\Drivers\STM32F4xx_HAL_Driver\Src\stm32f4xx_hal_tim_ex.c 0x00000000   Number         0  stm32f4xx_hal_tim_ex.o ABSOLUTE
    ..\Drivers\STM32F4xx_HAL_Driver\Src\stm32f4xx_hal_uart.c 0x00000000   Number         0  stm32f4xx_hal_uart.o ABSOLUTE
    ..\Src\main.c                            0x00000000   Number         0  main.o ABSOLUTE
    ..\Src\nrf24l01.c                        0x00000000   Number         0  nrf24l01.o ABSOLUTE
    ..\Src\stm32f4xx_hal_msp.c               0x00000000   Number         0  stm32f4xx_hal_msp.o ABSOLUTE
    ..\Src\stm32f4xx_it.c                    0x00000000   Number         0  stm32f4xx_it.o ABSOLUTE
    ..\Src\system_stm32f4xx.c                0x00000000   Number         0  system_stm32f4xx.o ABSOLUTE
    ..\\Src\\nrf24l01.c                      0x00000000   Number         0  nrf24l01.o ABSOLUTE
    dc.s                                     0x00000000   Number         0  dc.o ABSOLUTE
    handlers.s                               0x00000000   Number         0  handlers.o ABSOLUTE
    init.s                                   0x00000000   Number         0  init.o ABSOLUTE
    startup_stm32f407xx.s                    0x00000000   Number         0  startup_stm32f407xx.o ABSOLUTE
    RESET                                    0x08000000   Section      392  startup_stm32f407xx.o(RESET)
    .ARM.Collect$$$$00000000                 0x08000188   Section        0  entry.o(.ARM.Collect$$$$00000000)
    .ARM.Collect$$$$00000001                 0x08000188   Section        4  entry2.o(.ARM.Collect$$$$00000001)
    .ARM.Collect$$$$00000004                 0x0800018c   Section        4  entry5.o(.ARM.Collect$$$$00000004)
    .ARM.Collect$$$$00000008                 0x08000190   Section        0  entry7b.o(.ARM.Collect$$$$00000008)
    .ARM.Collect$$$$0000000A                 0x08000190   Section        0  entry8b.o(.ARM.Collect$$$$0000000A)
    .ARM.Collect$$$$0000000B                 0x08000190   Section        8  entry9a.o(.ARM.Collect$$$$0000000B)
    .ARM.Collect$$$$0000000D                 0x08000198   Section        0  entry10a.o(.ARM.Collect$$$$0000000D)
    .ARM.Collect$$$$0000000F                 0x08000198   Section        0  entry11a.o(.ARM.Collect$$$$0000000F)
    .ARM.Collect$$$$00002712                 0x08000198   Section        4  entry2.o(.ARM.Collect$$$$00002712)
    __lit__00000000                          0x08000198   Data           4  entry2.o(.ARM.Collect$$$$00002712)
    .text                                    0x0800019c   Section       36  startup_stm32f407xx.o(.text)
    $v0                                      0x0800019c   Number         0  startup_stm32f407xx.o(.text)
    .text                                    0x080001c0   Section        0  uldiv.o(.text)
    .text                                    0x08000222   Section        0  llshl.o(.text)
    .text                                    0x08000240   Section        0  llushr.o(.text)
    .text                                    0x08000260   Section       36  init.o(.text)
    i.BusFault_Handler                       0x08000284   Section        0  stm32f4xx_it.o(i.BusFault_Handler)
    i.DebugMon_Handler                       0x08000286   Section        0  stm32f4xx_it.o(i.DebugMon_Handler)
    i.EXTI15_10_IRQHandler                   0x08000288   Section        0  stm32f4xx_it.o(i.EXTI15_10_IRQHandler)
    i.EXTI2_IRQHandler                       0x080002b0   Section        0  stm32f4xx_it.o(i.EXTI2_IRQHandler)
    i.HAL_Delay                              0x080002e0   Section        0  stm32f4xx_hal.o(i.HAL_Delay)
    i.HAL_GPIO_EXTI_Callback                 0x08000304   Section        0  stm32f4xx_hal_gpio.o(i.HAL_GPIO_EXTI_Callback)
    i.HAL_GPIO_EXTI_IRQHandler               0x08000308   Section        0  stm32f4xx_hal_gpio.o(i.HAL_GPIO_EXTI_IRQHandler)
    i.HAL_GPIO_Init                          0x08000320   Section        0  stm32f4xx_hal_gpio.o(i.HAL_GPIO_Init)
    i.HAL_GPIO_WritePin                      0x080004d0   Section        0  stm32f4xx_hal_gpio.o(i.HAL_GPIO_WritePin)
    i.HAL_GetTick                            0x080004dc   Section        0  stm32f4xx_hal.o(i.HAL_GetTick)
    i.HAL_IncTick                            0x080004e8   Section        0  stm32f4xx_hal.o(i.HAL_IncTick)
    i.HAL_Init                               0x080004f8   Section        0  stm32f4xx_hal.o(i.HAL_Init)
    i.HAL_InitTick                           0x0800052c   Section        0  stm32f4xx_hal.o(i.HAL_InitTick)
    i.HAL_MspInit                            0x0800056c   Section        0  stm32f4xx_hal_msp.o(i.HAL_MspInit)
    i.HAL_NVIC_DisableIRQ                    0x080005c4   Section        0  stm32f4xx_hal_cortex.o(i.HAL_NVIC_DisableIRQ)
    i.HAL_NVIC_EnableIRQ                     0x080005da   Section        0  stm32f4xx_hal_cortex.o(i.HAL_NVIC_EnableIRQ)
    i.HAL_NVIC_SetPriority                   0x080005f0   Section        0  stm32f4xx_hal_cortex.o(i.HAL_NVIC_SetPriority)
    i.HAL_NVIC_SetPriorityGrouping           0x08000630   Section        0  stm32f4xx_hal_cortex.o(i.HAL_NVIC_SetPriorityGrouping)
    i.HAL_RCC_ClockConfig                    0x08000654   Section        0  stm32f4xx_hal_rcc.o(i.HAL_RCC_ClockConfig)
    i.HAL_RCC_GetHCLKFreq                    0x08000784   Section        0  stm32f4xx_hal_rcc.o(i.HAL_RCC_GetHCLKFreq)
    i.HAL_RCC_GetSysClockFreq                0x08000790   Section        0  stm32f4xx_hal_rcc.o(i.HAL_RCC_GetSysClockFreq)
    i.HAL_RCC_OscConfig                      0x080007f4   Section        0  stm32f4xx_hal_rcc.o(i.HAL_RCC_OscConfig)
    i.HAL_SPI_Init                           0x08000b10   Section        0  stm32f4xx_hal_spi.o(i.HAL_SPI_Init)
    i.HAL_SPI_MspInit                        0x08000b90   Section        0  stm32f4xx_hal_msp.o(i.HAL_SPI_MspInit)
    i.HAL_SPI_TransmitReceive                0x08000c44   Section        0  stm32f4xx_hal_spi.o(i.HAL_SPI_TransmitReceive)
    i.HAL_SYSTICK_CLKSourceConfig            0x08000e1c   Section        0  stm32f4xx_hal_cortex.o(i.HAL_SYSTICK_CLKSourceConfig)
    i.HAL_SYSTICK_Callback                   0x08000e34   Section        0  stm32f4xx_hal_cortex.o(i.HAL_SYSTICK_Callback)
    i.HAL_SYSTICK_Config                     0x08000e36   Section        0  stm32f4xx_hal_cortex.o(i.HAL_SYSTICK_Config)
    i.HAL_SYSTICK_IRQHandler                 0x08000e5e   Section        0  stm32f4xx_hal_cortex.o(i.HAL_SYSTICK_IRQHandler)
    i.HardFault_Handler                      0x08000e66   Section        0  stm32f4xx_it.o(i.HardFault_Handler)
    i.MX_GPIO_Init                           0x08000e68   Section        0  main.o(i.MX_GPIO_Init)
    MX_GPIO_Init                             0x08000e69   Thumb Code   266  main.o(i.MX_GPIO_Init)
    i.MX_SPI1_Init                           0x08000f88   Section        0  main.o(i.MX_SPI1_Init)
    MX_SPI1_Init                             0x08000f89   Thumb Code    54  main.o(i.MX_SPI1_Init)
    i.MX_SPI2_Init                           0x08000fc8   Section        0  main.o(i.MX_SPI2_Init)
    MX_SPI2_Init                             0x08000fc9   Thumb Code    56  main.o(i.MX_SPI2_Init)
    i.MX_SPI3_Init                           0x08001008   Section        0  main.o(i.MX_SPI3_Init)
    MX_SPI3_Init                             0x08001009   Thumb Code    54  main.o(i.MX_SPI3_Init)
    i.MemManage_Handler                      0x08001048   Section        0  stm32f4xx_it.o(i.MemManage_Handler)
    i.NMI_Handler                            0x0800104a   Section        0  stm32f4xx_it.o(i.NMI_Handler)
    i.NRF_CE_RESETPIN                        0x0800104c   Section        0  nrf24l01.o(i.NRF_CE_RESETPIN)
    NRF_CE_RESETPIN                          0x0800104d   Thumb Code    12  nrf24l01.o(i.NRF_CE_RESETPIN)
    i.NRF_CE_SETPIN                          0x08001058   Section        0  nrf24l01.o(i.NRF_CE_SETPIN)
    NRF_CE_SETPIN                            0x08001059   Thumb Code    12  nrf24l01.o(i.NRF_CE_SETPIN)
    i.NRF_CS_RESETPIN                        0x08001064   Section        0  nrf24l01.o(i.NRF_CS_RESETPIN)
    NRF_CS_RESETPIN                          0x08001065   Thumb Code    12  nrf24l01.o(i.NRF_CS_RESETPIN)
    i.NRF_FlushTX                            0x08001070   Section        0  nrf24l01.o(i.NRF_FlushTX)
    i.NRF_IRQ_Handler                        0x08001090   Section        0  nrf24l01.o(i.NRF_IRQ_Handler)
    i.NRF_PowerUp                            0x080011a0   Section        0  nrf24l01.o(i.NRF_PowerUp)
    i.NRF_RXTXControl                        0x08001214   Section        0  nrf24l01.o(i.NRF_RXTXControl)
    i.NRF_ReadRXPayload                      0x0800125c   Section        0  nrf24l01.o(i.NRF_ReadRXPayload)
    i.NRF_ReadRegister                       0x08001290   Section        0  nrf24l01.o(i.NRF_ReadRegister)
    i.NRF_SendCommand                        0x080012ac   Section        0  nrf24l01.o(i.NRF_SendCommand)
    i.NRF_WriteRegister                      0x08001354   Section        0  nrf24l01.o(i.NRF_WriteRegister)
    i.NVIC_SetPriority                       0x08001372   Section        0  stm32f4xx_hal_cortex.o(i.NVIC_SetPriority)
    NVIC_SetPriority                         0x08001373   Thumb Code    32  stm32f4xx_hal_cortex.o(i.NVIC_SetPriority)
    i.PendSV_Handler                         0x08001392   Section        0  stm32f4xx_it.o(i.PendSV_Handler)
    i.SPI_CheckFlag_BSY                      0x08001394   Section        0  stm32f4xx_hal_spi.o(i.SPI_CheckFlag_BSY)
    SPI_CheckFlag_BSY                        0x08001395   Thumb Code    32  stm32f4xx_hal_spi.o(i.SPI_CheckFlag_BSY)
    i.SPI_WaitFlagStateUntilTimeout          0x080013b4   Section        0  stm32f4xx_hal_spi.o(i.SPI_WaitFlagStateUntilTimeout)
    SPI_WaitFlagStateUntilTimeout            0x080013b5   Thumb Code   150  stm32f4xx_hal_spi.o(i.SPI_WaitFlagStateUntilTimeout)
    i.SVC_Handler                            0x0800144a   Section        0  stm32f4xx_it.o(i.SVC_Handler)
    i.SysTick_Handler                        0x0800144c   Section        0  stm32f4xx_it.o(i.SysTick_Handler)
    i.SystemClock_Config                     0x0800145c   Section        0  main.o(i.SystemClock_Config)
    i.SystemInit                             0x080014e4   Section        0  system_stm32f4xx.o(i.SystemInit)
    i.UsageFault_Handler                     0x08001538   Section        0  stm32f4xx_it.o(i.UsageFault_Handler)
    i.__scatterload_copy                     0x0800153a   Section       14  handlers.o(i.__scatterload_copy)
    i.__scatterload_null                     0x08001548   Section        2  handlers.o(i.__scatterload_null)
    i.__scatterload_zeroinit                 0x0800154a   Section       14  handlers.o(i.__scatterload_zeroinit)
    i.free                                   0x08001558   Section        0  malloc.o(i.free)
    i.main                                   0x080015a8   Section        0  main.o(i.main)
    i.malloc                                 0x080016d4   Section        0  malloc.o(i.malloc)
    .constdata                               0x08001740   Section       16  system_stm32f4xx.o(.constdata)
    .data                                    0x20000000   Section       12  stm32f4xx_hal.o(.data)
    .data                                    0x2000000c   Section        7  main.o(.data)
    .data                                    0x20000014   Section        4  system_stm32f4xx.o(.data)
    .data                                    0x20000018   Section        4  mvars.o(.data)
    .data                                    0x2000001c   Section        4  mvars.o(.data)
    .bss                                     0x20000020   Section      380  main.o(.bss)
    HEAP                                     0x200001a0   Section      512  startup_stm32f407xx.o(HEAP)
    STACK                                    0x200003a0   Section     1024  startup_stm32f407xx.o(STACK)

    Global Symbols

    Symbol Name                              Value     Ov Type        Size  Object(Section)

    BuildAttributes$$THM_ISAv4$E$P$D$K$B$S$7EM$VFPi3$EXTD16$VFPS$VFMA$PE$A:L22UL41UL21$X:L11$S22US41US21$IEEE1$IW$USESV6$~STKCKD$USESV7$~SHL$OSPACE$EBA8$MICROLIB$REQ8$PRES8$EABIv2 0x00000000   Number         0  anon$$obj.o ABSOLUTE
    __ARM_use_no_argv                        0x00000000   Number         0  main.o ABSOLUTE
    __cpp_initialize__aeabi_                  - Undefined Weak Reference
    __cxa_finalize                            - Undefined Weak Reference
    __decompress                              - Undefined Weak Reference
    _clock_init                               - Undefined Weak Reference
    _microlib_exit                            - Undefined Weak Reference
    __Vectors_Size                           0x00000188   Number         0  startup_stm32f407xx.o ABSOLUTE
    __Vectors                                0x08000000   Data           4  startup_stm32f407xx.o(RESET)
    __Vectors_End                            0x08000188   Data           0  startup_stm32f407xx.o(RESET)
    __main                                   0x08000189   Thumb Code     0  entry.o(.ARM.Collect$$$$00000000)
    _main_stk                                0x08000189   Thumb Code     0  entry2.o(.ARM.Collect$$$$00000001)
    _main_scatterload                        0x0800018d   Thumb Code     0  entry5.o(.ARM.Collect$$$$00000004)
    __main_after_scatterload                 0x08000191   Thumb Code     0  entry5.o(.ARM.Collect$$$$00000004)
    _main_clock                              0x08000191   Thumb Code     0  entry7b.o(.ARM.Collect$$$$00000008)
    _main_cpp_init                           0x08000191   Thumb Code     0  entry8b.o(.ARM.Collect$$$$0000000A)
    _main_init                               0x08000191   Thumb Code     0  entry9a.o(.ARM.Collect$$$$0000000B)
    __rt_final_cpp                           0x08000199   Thumb Code     0  entry10a.o(.ARM.Collect$$$$0000000D)
    __rt_final_exit                          0x08000199   Thumb Code     0  entry11a.o(.ARM.Collect$$$$0000000F)
    Reset_Handler                            0x0800019d   Thumb Code     8  startup_stm32f407xx.o(.text)
    ADC_IRQHandler                           0x080001b7   Thumb Code     0  startup_stm32f407xx.o(.text)
    CAN1_RX0_IRQHandler                      0x080001b7   Thumb Code     0  startup_stm32f407xx.o(.text)
    CAN1_RX1_IRQHandler                      0x080001b7   Thumb Code     0  startup_stm32f407xx.o(.text)
    CAN1_SCE_IRQHandler                      0x080001b7   Thumb Code     0  startup_stm32f407xx.o(.text)
    CAN1_TX_IRQHandler                       0x080001b7   Thumb Code     0  startup_stm32f407xx.o(.text)
    CAN2_RX0_IRQHandler                      0x080001b7   Thumb Code     0  startup_stm32f407xx.o(.text)
    CAN2_RX1_IRQHandler                      0x080001b7   Thumb Code     0  startup_stm32f407xx.o(.text)
    CAN2_SCE_IRQHandler                      0x080001b7   Thumb Code     0  startup_stm32f407xx.o(.text)
    CAN2_TX_IRQHandler                       0x080001b7   Thumb Code     0  startup_stm32f407xx.o(.text)
    DCMI_IRQHandler                          0x080001b7   Thumb Code     0  startup_stm32f407xx.o(.text)
    DMA1_Stream0_IRQHandler                  0x080001b7   Thumb Code     0  startup_stm32f407xx.o(.text)
    DMA1_Stream1_IRQHandler                  0x080001b7   Thumb Code     0  startup_stm32f407xx.o(.text)
    DMA1_Stream2_IRQHandler                  0x080001b7   Thumb Code     0  startup_stm32f407xx.o(.text)
    DMA1_Stream3_IRQHandler                  0x080001b7   Thumb Code     0  startup_stm32f407xx.o(.text)
    DMA1_Stream4_IRQHandler                  0x080001b7   Thumb Code     0  startup_stm32f407xx.o(.text)
    DMA1_Stream5_IRQHandler                  0x080001b7   Thumb Code     0  startup_stm32f407xx.o(.text)
    DMA1_Stream6_IRQHandler                  0x080001b7   Thumb Code     0  startup_stm32f407xx.o(.text)
    DMA1_Stream7_IRQHandler                  0x080001b7   Thumb Code     0  startup_stm32f407xx.o(.text)
    DMA2_Stream0_IRQHandler                  0x080001b7   Thumb Code     0  startup_stm32f407xx.o(.text)
    DMA2_Stream1_IRQHandler                  0x080001b7   Thumb Code     0  startup_stm32f407xx.o(.text)
    DMA2_Stream2_IRQHandler                  0x080001b7   Thumb Code     0  startup_stm32f407xx.o(.text)
    DMA2_Stream3_IRQHandler                  0x080001b7   Thumb Code     0  startup_stm32f407xx.o(.text)
    DMA2_Stream4_IRQHandler                  0x080001b7   Thumb Code     0  startup_stm32f407xx.o(.text)
    DMA2_Stream5_IRQHandler                  0x080001b7   Thumb Code     0  startup_stm32f407xx.o(.text)
    DMA2_Stream6_IRQHandler                  0x080001b7   Thumb Code     0  startup_stm32f407xx.o(.text)
    DMA2_Stream7_IRQHandler                  0x080001b7   Thumb Code     0  startup_stm32f407xx.o(.text)
    ETH_IRQHandler                           0x080001b7   Thumb Code     0  startup_stm32f407xx.o(.text)
    ETH_WKUP_IRQHandler                      0x080001b7   Thumb Code     0  startup_stm32f407xx.o(.text)
    EXTI0_IRQHandler                         0x080001b7   Thumb Code     0  startup_stm32f407xx.o(.text)
    EXTI1_IRQHandler                         0x080001b7   Thumb Code     0  startup_stm32f407xx.o(.text)
    EXTI3_IRQHandler                         0x080001b7   Thumb Code     0  startup_stm32f407xx.o(.text)
    EXTI4_IRQHandler                         0x080001b7   Thumb Code     0  startup_stm32f407xx.o(.text)
    EXTI9_5_IRQHandler                       0x080001b7   Thumb Code     0  startup_stm32f407xx.o(.text)
    FLASH_IRQHandler                         0x080001b7   Thumb Code     0  startup_stm32f407xx.o(.text)
    FMC_IRQHandler                           0x080001b7   Thumb Code     0  startup_stm32f407xx.o(.text)
    FPU_IRQHandler                           0x080001b7   Thumb Code     0  startup_stm32f407xx.o(.text)
    HASH_RNG_IRQHandler                      0x080001b7   Thumb Code     0  startup_stm32f407xx.o(.text)
    I2C1_ER_IRQHandler                       0x080001b7   Thumb Code     0  startup_stm32f407xx.o(.text)
    I2C1_EV_IRQHandler                       0x080001b7   Thumb Code     0  startup_stm32f407xx.o(.text)
    I2C2_ER_IRQHandler                       0x080001b7   Thumb Code     0  startup_stm32f407xx.o(.text)
    I2C2_EV_IRQHandler                       0x080001b7   Thumb Code     0  startup_stm32f407xx.o(.text)
    I2C3_ER_IRQHandler                       0x080001b7   Thumb Code     0  startup_stm32f407xx.o(.text)
    I2C3_EV_IRQHandler                       0x080001b7   Thumb Code     0  startup_stm32f407xx.o(.text)
    OTG_FS_IRQHandler                        0x080001b7   Thumb Code     0  startup_stm32f407xx.o(.text)
    OTG_FS_WKUP_IRQHandler                   0x080001b7   Thumb Code     0  startup_stm32f407xx.o(.text)
    OTG_HS_EP1_IN_IRQHandler                 0x080001b7   Thumb Code     0  startup_stm32f407xx.o(.text)
    OTG_HS_EP1_OUT_IRQHandler                0x080001b7   Thumb Code     0  startup_stm32f407xx.o(.text)
    OTG_HS_IRQHandler                        0x080001b7   Thumb Code     0  startup_stm32f407xx.o(.text)
    OTG_HS_WKUP_IRQHandler                   0x080001b7   Thumb Code     0  startup_stm32f407xx.o(.text)
    PVD_IRQHandler                           0x080001b7   Thumb Code     0  startup_stm32f407xx.o(.text)
    RCC_IRQHandler                           0x080001b7   Thumb Code     0  startup_stm32f407xx.o(.text)
    RTC_Alarm_IRQHandler                     0x080001b7   Thumb Code     0  startup_stm32f407xx.o(.text)
    RTC_WKUP_IRQHandler                      0x080001b7   Thumb Code     0  startup_stm32f407xx.o(.text)
    SDIO_IRQHandler                          0x080001b7   Thumb Code     0  startup_stm32f407xx.o(.text)
    SPI1_IRQHandler                          0x080001b7   Thumb Code     0  startup_stm32f407xx.o(.text)
    SPI2_IRQHandler                          0x080001b7   Thumb Code     0  startup_stm32f407xx.o(.text)
    SPI3_IRQHandler                          0x080001b7   Thumb Code     0  startup_stm32f407xx.o(.text)
    TAMP_STAMP_IRQHandler                    0x080001b7   Thumb Code     0  startup_stm32f407xx.o(.text)
    TIM1_BRK_TIM9_IRQHandler                 0x080001b7   Thumb Code     0  startup_stm32f407xx.o(.text)
    TIM1_CC_IRQHandler                       0x080001b7   Thumb Code     0  startup_stm32f407xx.o(.text)
    TIM1_TRG_COM_TIM11_IRQHandler            0x080001b7   Thumb Code     0  startup_stm32f407xx.o(.text)
    TIM1_UP_TIM10_IRQHandler                 0x080001b7   Thumb Code     0  startup_stm32f407xx.o(.text)
    TIM2_IRQHandler                          0x080001b7   Thumb Code     0  startup_stm32f407xx.o(.text)
    TIM3_IRQHandler                          0x080001b7   Thumb Code     0  startup_stm32f407xx.o(.text)
    TIM4_IRQHandler                          0x080001b7   Thumb Code     0  startup_stm32f407xx.o(.text)
    TIM5_IRQHandler                          0x080001b7   Thumb Code     0  startup_stm32f407xx.o(.text)
    TIM6_DAC_IRQHandler                      0x080001b7   Thumb Code     0  startup_stm32f407xx.o(.text)
    TIM7_IRQHandler                          0x080001b7   Thumb Code     0  startup_stm32f407xx.o(.text)
    TIM8_BRK_TIM12_IRQHandler                0x080001b7   Thumb Code     0  startup_stm32f407xx.o(.text)
    TIM8_CC_IRQHandler                       0x080001b7   Thumb Code     0  startup_stm32f407xx.o(.text)
    TIM8_TRG_COM_TIM14_IRQHandler            0x080001b7   Thumb Code     0  startup_stm32f407xx.o(.text)
    TIM8_UP_TIM13_IRQHandler                 0x080001b7   Thumb Code     0  startup_stm32f407xx.o(.text)
    UART4_IRQHandler                         0x080001b7   Thumb Code     0  startup_stm32f407xx.o(.text)
    UART5_IRQHandler                         0x080001b7   Thumb Code     0  startup_stm32f407xx.o(.text)
    USART1_IRQHandler                        0x080001b7   Thumb Code     0  startup_stm32f407xx.o(.text)
    USART2_IRQHandler                        0x080001b7   Thumb Code     0  startup_stm32f407xx.o(.text)
    USART3_IRQHandler                        0x080001b7   Thumb Code     0  startup_stm32f407xx.o(.text)
    USART6_IRQHandler                        0x080001b7   Thumb Code     0  startup_stm32f407xx.o(.text)
    WWDG_IRQHandler                          0x080001b7   Thumb Code     0  startup_stm32f407xx.o(.text)
    __aeabi_uldivmod                         0x080001c1   Thumb Code    98  uldiv.o(.text)
    __aeabi_llsl                             0x08000223   Thumb Code    30  llshl.o(.text)
    _ll_shift_l                              0x08000223   Thumb Code     0  llshl.o(.text)
    __aeabi_llsr                             0x08000241   Thumb Code    32  llushr.o(.text)
    _ll_ushift_r                             0x08000241   Thumb Code     0  llushr.o(.text)
    __scatterload                            0x08000261   Thumb Code    28  init.o(.text)
    __scatterload_rt2                        0x08000261   Thumb Code     0  init.o(.text)
    BusFault_Handler                         0x08000285   Thumb Code     2  stm32f4xx_it.o(i.BusFault_Handler)
    DebugMon_Handler                         0x08000287   Thumb Code     2  stm32f4xx_it.o(i.DebugMon_Handler)
    EXTI15_10_IRQHandler                     0x08000289   Thumb Code    30  stm32f4xx_it.o(i.EXTI15_10_IRQHandler)
    EXTI2_IRQHandler                         0x080002b1   Thumb Code    36  stm32f4xx_it.o(i.EXTI2_IRQHandler)
    HAL_Delay                                0x080002e1   Thumb Code    32  stm32f4xx_hal.o(i.HAL_Delay)
    HAL_GPIO_EXTI_Callback                   0x08000305   Thumb Code     2  stm32f4xx_hal_gpio.o(i.HAL_GPIO_EXTI_Callback)
    HAL_GPIO_EXTI_IRQHandler                 0x08000309   Thumb Code    18  stm32f4xx_hal_gpio.o(i.HAL_GPIO_EXTI_IRQHandler)
    HAL_GPIO_Init                            0x08000321   Thumb Code   388  stm32f4xx_hal_gpio.o(i.HAL_GPIO_Init)
    HAL_GPIO_WritePin                        0x080004d1   Thumb Code    10  stm32f4xx_hal_gpio.o(i.HAL_GPIO_WritePin)
    HAL_GetTick                              0x080004dd   Thumb Code     6  stm32f4xx_hal.o(i.HAL_GetTick)
    HAL_IncTick                              0x080004e9   Thumb Code    12  stm32f4xx_hal.o(i.HAL_IncTick)
    HAL_Init                                 0x080004f9   Thumb Code    48  stm32f4xx_hal.o(i.HAL_Init)
    HAL_InitTick                             0x0800052d   Thumb Code    54  stm32f4xx_hal.o(i.HAL_InitTick)
    HAL_MspInit                              0x0800056d   Thumb Code    88  stm32f4xx_hal_msp.o(i.HAL_MspInit)
    HAL_NVIC_DisableIRQ                      0x080005c5   Thumb Code    22  stm32f4xx_hal_cortex.o(i.HAL_NVIC_DisableIRQ)
    HAL_NVIC_EnableIRQ                       0x080005db   Thumb Code    22  stm32f4xx_hal_cortex.o(i.HAL_NVIC_EnableIRQ)
    HAL_NVIC_SetPriority                     0x080005f1   Thumb Code    60  stm32f4xx_hal_cortex.o(i.HAL_NVIC_SetPriority)
    HAL_NVIC_SetPriorityGrouping             0x08000631   Thumb Code    26  stm32f4xx_hal_cortex.o(i.HAL_NVIC_SetPriorityGrouping)
    HAL_RCC_ClockConfig                      0x08000655   Thumb Code   286  stm32f4xx_hal_rcc.o(i.HAL_RCC_ClockConfig)
    HAL_RCC_GetHCLKFreq                      0x08000785   Thumb Code     6  stm32f4xx_hal_rcc.o(i.HAL_RCC_GetHCLKFreq)
    HAL_RCC_GetSysClockFreq                  0x08000791   Thumb Code    88  stm32f4xx_hal_rcc.o(i.HAL_RCC_GetSysClockFreq)
    HAL_RCC_OscConfig                        0x080007f5   Thumb Code   770  stm32f4xx_hal_rcc.o(i.HAL_RCC_OscConfig)
    HAL_SPI_Init                             0x08000b11   Thumb Code   128  stm32f4xx_hal_spi.o(i.HAL_SPI_Init)
    HAL_SPI_MspInit                          0x08000b91   Thumb Code   150  stm32f4xx_hal_msp.o(i.HAL_SPI_MspInit)
    HAL_SPI_TransmitReceive                  0x08000c45   Thumb Code   472  stm32f4xx_hal_spi.o(i.HAL_SPI_TransmitReceive)
    HAL_SYSTICK_CLKSourceConfig              0x08000e1d   Thumb Code    24  stm32f4xx_hal_cortex.o(i.HAL_SYSTICK_CLKSourceConfig)
    HAL_SYSTICK_Callback                     0x08000e35   Thumb Code     2  stm32f4xx_hal_cortex.o(i.HAL_SYSTICK_Callback)
    HAL_SYSTICK_Config                       0x08000e37   Thumb Code    40  stm32f4xx_hal_cortex.o(i.HAL_SYSTICK_Config)
    HAL_SYSTICK_IRQHandler                   0x08000e5f   Thumb Code     8  stm32f4xx_hal_cortex.o(i.HAL_SYSTICK_IRQHandler)
    HardFault_Handler                        0x08000e67   Thumb Code     2  stm32f4xx_it.o(i.HardFault_Handler)
    MemManage_Handler                        0x08001049   Thumb Code     2  stm32f4xx_it.o(i.MemManage_Handler)
    NMI_Handler                              0x0800104b   Thumb Code     2  stm32f4xx_it.o(i.NMI_Handler)
    NRF_FlushTX                              0x08001071   Thumb Code    32  nrf24l01.o(i.NRF_FlushTX)
    NRF_IRQ_Handler                          0x08001091   Thumb Code   262  nrf24l01.o(i.NRF_IRQ_Handler)
    NRF_PowerUp                              0x080011a1   Thumb Code   116  nrf24l01.o(i.NRF_PowerUp)
    NRF_RXTXControl                          0x08001215   Thumb Code    72  nrf24l01.o(i.NRF_RXTXControl)
    NRF_ReadRXPayload                        0x0800125d   Thumb Code    52  nrf24l01.o(i.NRF_ReadRXPayload)
    NRF_ReadRegister                         0x08001291   Thumb Code    28  nrf24l01.o(i.NRF_ReadRegister)
    NRF_SendCommand                          0x080012ad   Thumb Code   164  nrf24l01.o(i.NRF_SendCommand)
    NRF_WriteRegister                        0x08001355   Thumb Code    30  nrf24l01.o(i.NRF_WriteRegister)
    PendSV_Handler                           0x08001393   Thumb Code     2  stm32f4xx_it.o(i.PendSV_Handler)
    SVC_Handler                              0x0800144b   Thumb Code     2  stm32f4xx_it.o(i.SVC_Handler)
    SysTick_Handler                          0x0800144d   Thumb Code    14  stm32f4xx_it.o(i.SysTick_Handler)
    SystemClock_Config                       0x0800145d   Thumb Code   128  main.o(i.SystemClock_Config)
    SystemInit                               0x080014e5   Thumb Code    66  system_stm32f4xx.o(i.SystemInit)
    UsageFault_Handler                       0x08001539   Thumb Code     2  stm32f4xx_it.o(i.UsageFault_Handler)
    __scatterload_copy                       0x0800153b   Thumb Code    14  handlers.o(i.__scatterload_copy)
    __scatterload_null                       0x08001549   Thumb Code     2  handlers.o(i.__scatterload_null)
    __scatterload_zeroinit                   0x0800154b   Thumb Code    14  handlers.o(i.__scatterload_zeroinit)
    free                                     0x08001559   Thumb Code    76  malloc.o(i.free)
    main                                     0x080015a9   Thumb Code   282  main.o(i.main)
    malloc                                   0x080016d5   Thumb Code    92  malloc.o(i.malloc)
    AHBPrescTable                            0x08001740   Data          16  system_stm32f4xx.o(.constdata)
    Region$$Table$$Base                      0x08001750   Number         0  anon$$obj.o(Region$$Table)
    Region$$Table$$Limit                     0x08001770   Number         0  anon$$obj.o(Region$$Table)
    uwTickFreq                               0x20000000   Data           1  stm32f4xx_hal.o(.data)
    uwTickPrio                               0x20000004   Data           4  stm32f4xx_hal.o(.data)
    uwTick                                   0x20000008   Data           4  stm32f4xx_hal.o(.data)
    IRQ1_counter                             0x2000000c   Data           1  main.o(.data)
    IRQ2_counter                             0x2000000d   Data           1  main.o(.data)
    ADDR_1                                   0x2000000e   Data           5  main.o(.data)
    SystemCoreClock                          0x20000014   Data           4  system_stm32f4xx.o(.data)
    __microlib_freelist                      0x20000018   Data           4  mvars.o(.data)
    __microlib_freelist_initialised          0x2000001c   Data           4  mvars.o(.data)
    hspi1                                    0x20000020   Data          88  main.o(.bss)
    hspi2                                    0x20000078   Data          88  main.o(.bss)
    hspi3                                    0x200000d0   Data          88  main.o(.bss)
    nrf1                                     0x20000128   Data         116  main.o(.bss)
    __heap_base                              0x200001a0   Data           0  startup_stm32f407xx.o(HEAP)
    __heap_limit                             0x200003a0   Data           0  startup_stm32f407xx.o(HEAP)
    __initial_sp                             0x200007a0   Data           0  startup_stm32f407xx.o(STACK)



==============================================================================

Memory Map of the image

  Image Entry point : 0x08000189

  Load Region LR_IROM1 (Base: 0x08000000, Size: 0x00001790, Max: 0x00100000, ABSOLUTE)

    Execution Region ER_IROM1 (Exec base: 0x08000000, Load base: 0x08000000, Size: 0x00001770, Max: 0x00100000, ABSOLUTE)

    Exec Addr    Load Addr    Size         Type   Attr      Idx    E Section Name        Object

    0x08000000   0x08000000   0x00000188   Data   RO            3    RESET               startup_stm32f407xx.o
    0x08000188   0x08000188   0x00000000   Code   RO         2308  * .ARM.Collect$$$$00000000  mc_w.l(entry.o)
    0x08000188   0x08000188   0x00000004   Code   RO         2341    .ARM.Collect$$$$00000001  mc_w.l(entry2.o)
    0x0800018c   0x0800018c   0x00000004   Code   RO         2344    .ARM.Collect$$$$00000004  mc_w.l(entry5.o)
    0x08000190   0x08000190   0x00000000   Code   RO         2346    .ARM.Collect$$$$00000008  mc_w.l(entry7b.o)
    0x08000190   0x08000190   0x00000000   Code   RO         2348    .ARM.Collect$$$$0000000A  mc_w.l(entry8b.o)
    0x08000190   0x08000190   0x00000008   Code   RO         2349    .ARM.Collect$$$$0000000B  mc_w.l(entry9a.o)
    0x08000198   0x08000198   0x00000000   Code   RO         2351    .ARM.Collect$$$$0000000D  mc_w.l(entry10a.o)
    0x08000198   0x08000198   0x00000000   Code   RO         2353    .ARM.Collect$$$$0000000F  mc_w.l(entry11a.o)
    0x08000198   0x08000198   0x00000004   Code   RO         2342    .ARM.Collect$$$$00002712  mc_w.l(entry2.o)
    0x0800019c   0x0800019c   0x00000024   Code   RO            4    .text               startup_stm32f407xx.o
    0x080001c0   0x080001c0   0x00000062   Code   RO         2311    .text               mc_w.l(uldiv.o)
    0x08000222   0x08000222   0x0000001e   Code   RO         2355    .text               mc_w.l(llshl.o)
    0x08000240   0x08000240   0x00000020   Code   RO         2357    .text               mc_w.l(llushr.o)
    0x08000260   0x08000260   0x00000024   Code   RO         2365    .text               mc_w.l(init.o)
    0x08000284   0x08000284   0x00000002   Code   RO         1828    i.BusFault_Handler  stm32f4xx_it.o
    0x08000286   0x08000286   0x00000002   Code   RO         1829    i.DebugMon_Handler  stm32f4xx_it.o
    0x08000288   0x08000288   0x00000028   Code   RO         1830    i.EXTI15_10_IRQHandler  stm32f4xx_it.o
    0x080002b0   0x080002b0   0x00000030   Code   RO         1831    i.EXTI2_IRQHandler  stm32f4xx_it.o
    0x080002e0   0x080002e0   0x00000024   Code   RO         1264    i.HAL_Delay         stm32f4xx_hal.o
    0x08000304   0x08000304   0x00000002   Code   RO         1132    i.HAL_GPIO_EXTI_Callback  stm32f4xx_hal_gpio.o
    0x08000306   0x08000306   0x00000002   PAD
    0x08000308   0x08000308   0x00000018   Code   RO         1133    i.HAL_GPIO_EXTI_IRQHandler  stm32f4xx_hal_gpio.o
    0x08000320   0x08000320   0x000001b0   Code   RO         1134    i.HAL_GPIO_Init     stm32f4xx_hal_gpio.o
    0x080004d0   0x080004d0   0x0000000a   Code   RO         1138    i.HAL_GPIO_WritePin  stm32f4xx_hal_gpio.o
    0x080004da   0x080004da   0x00000002   PAD
    0x080004dc   0x080004dc   0x0000000c   Code   RO         1270    i.HAL_GetTick       stm32f4xx_hal.o
    0x080004e8   0x080004e8   0x00000010   Code   RO         1274    i.HAL_IncTick       stm32f4xx_hal.o
    0x080004f8   0x080004f8   0x00000034   Code   RO         1275    i.HAL_Init          stm32f4xx_hal.o
    0x0800052c   0x0800052c   0x00000040   Code   RO         1276    i.HAL_InitTick      stm32f4xx_hal.o
    0x0800056c   0x0800056c   0x00000058   Code   RO         1989    i.HAL_MspInit       stm32f4xx_hal_msp.o
    0x080005c4   0x080005c4   0x00000016   Code   RO          810    i.HAL_NVIC_DisableIRQ  stm32f4xx_hal_cortex.o
    0x080005da   0x080005da   0x00000016   Code   RO          811    i.HAL_NVIC_EnableIRQ  stm32f4xx_hal_cortex.o
    0x080005f0   0x080005f0   0x00000040   Code   RO          817    i.HAL_NVIC_SetPriority  stm32f4xx_hal_cortex.o
    0x08000630   0x08000630   0x00000024   Code   RO          818    i.HAL_NVIC_SetPriorityGrouping  stm32f4xx_hal_cortex.o
    0x08000654   0x08000654   0x00000130   Code   RO         1567    i.HAL_RCC_ClockConfig  stm32f4xx_hal_rcc.o
    0x08000784   0x08000784   0x0000000c   Code   RO         1572    i.HAL_RCC_GetHCLKFreq  stm32f4xx_hal_rcc.o
    0x08000790   0x08000790   0x00000064   Code   RO         1576    i.HAL_RCC_GetSysClockFreq  stm32f4xx_hal_rcc.o
    0x080007f4   0x080007f4   0x0000031c   Code   RO         1579    i.HAL_RCC_OscConfig  stm32f4xx_hal_rcc.o
    0x08000b10   0x08000b10   0x00000080   Code   RO           24    i.HAL_SPI_Init      stm32f4xx_hal_spi.o
    0x08000b90   0x08000b90   0x000000b4   Code   RO         1991    i.HAL_SPI_MspInit   stm32f4xx_hal_msp.o
    0x08000c44   0x08000c44   0x000001d8   Code   RO           33    i.HAL_SPI_TransmitReceive  stm32f4xx_hal_spi.o
    0x08000e1c   0x08000e1c   0x00000018   Code   RO          820    i.HAL_SYSTICK_CLKSourceConfig  stm32f4xx_hal_cortex.o
    0x08000e34   0x08000e34   0x00000002   Code   RO          821    i.HAL_SYSTICK_Callback  stm32f4xx_hal_cortex.o
    0x08000e36   0x08000e36   0x00000028   Code   RO          822    i.HAL_SYSTICK_Config  stm32f4xx_hal_cortex.o
    0x08000e5e   0x08000e5e   0x00000008   Code   RO          823    i.HAL_SYSTICK_IRQHandler  stm32f4xx_hal_cortex.o
    0x08000e66   0x08000e66   0x00000002   Code   RO         1832    i.HardFault_Handler  stm32f4xx_it.o
    0x08000e68   0x08000e68   0x00000120   Code   RO         1919    i.MX_GPIO_Init      main.o
    0x08000f88   0x08000f88   0x00000040   Code   RO         1920    i.MX_SPI1_Init      main.o
    0x08000fc8   0x08000fc8   0x00000040   Code   RO         1921    i.MX_SPI2_Init      main.o
    0x08001008   0x08001008   0x00000040   Code   RO         1922    i.MX_SPI3_Init      main.o
    0x08001048   0x08001048   0x00000002   Code   RO         1833    i.MemManage_Handler  stm32f4xx_it.o
    0x0800104a   0x0800104a   0x00000002   Code   RO         1834    i.NMI_Handler       stm32f4xx_it.o
    0x0800104c   0x0800104c   0x0000000c   Code   RO         2075    i.NRF_CE_RESETPIN   nrf24l01.o
    0x08001058   0x08001058   0x0000000c   Code   RO         2076    i.NRF_CE_SETPIN     nrf24l01.o
    0x08001064   0x08001064   0x0000000c   Code   RO         2077    i.NRF_CS_RESETPIN   nrf24l01.o
    0x08001070   0x08001070   0x00000020   Code   RO         2086    i.NRF_FlushTX       nrf24l01.o
    0x08001090   0x08001090   0x00000110   Code   RO         2087    i.NRF_IRQ_Handler   nrf24l01.o
    0x080011a0   0x080011a0   0x00000074   Code   RO         2089    i.NRF_PowerUp       nrf24l01.o
    0x08001214   0x08001214   0x00000048   Code   RO         2092    i.NRF_RXTXControl   nrf24l01.o
    0x0800125c   0x0800125c   0x00000034   Code   RO         2093    i.NRF_ReadRXPayload  nrf24l01.o
    0x08001290   0x08001290   0x0000001c   Code   RO         2094    i.NRF_ReadRegister  nrf24l01.o
    0x080012ac   0x080012ac   0x000000a8   Code   RO         2096    i.NRF_SendCommand   nrf24l01.o
    0x08001354   0x08001354   0x0000001e   Code   RO         2111    i.NRF_WriteRegister  nrf24l01.o
    0x08001372   0x08001372   0x00000020   Code   RO          824    i.NVIC_SetPriority  stm32f4xx_hal_cortex.o
    0x08001392   0x08001392   0x00000002   Code   RO         1835    i.PendSV_Handler    stm32f4xx_it.o
    0x08001394   0x08001394   0x00000020   Code   RO           48    i.SPI_CheckFlag_BSY  stm32f4xx_hal_spi.o
    0x080013b4   0x080013b4   0x00000096   Code   RO           66    i.SPI_WaitFlagStateUntilTimeout  stm32f4xx_hal_spi.o
    0x0800144a   0x0800144a   0x00000002   Code   RO         1836    i.SVC_Handler       stm32f4xx_it.o
    0x0800144c   0x0800144c   0x0000000e   Code   RO         1837    i.SysTick_Handler   stm32f4xx_it.o
    0x0800145a   0x0800145a   0x00000002   PAD
    0x0800145c   0x0800145c   0x00000088   Code   RO         1923    i.SystemClock_Config  main.o
    0x080014e4   0x080014e4   0x00000054   Code   RO         2038    i.SystemInit        system_stm32f4xx.o
    0x08001538   0x08001538   0x00000002   Code   RO         1838    i.UsageFault_Handler  stm32f4xx_it.o
    0x0800153a   0x0800153a   0x0000000e   Code   RO         2369    i.__scatterload_copy  mc_w.l(handlers.o)
    0x08001548   0x08001548   0x00000002   Code   RO         2370    i.__scatterload_null  mc_w.l(handlers.o)
    0x0800154a   0x0800154a   0x0000000e   Code   RO         2371    i.__scatterload_zeroinit  mc_w.l(handlers.o)
    0x08001558   0x08001558   0x00000050   Code   RO         2313    i.free              mc_w.l(malloc.o)
    0x080015a8   0x080015a8   0x0000012c   Code   RO         1925    i.main              main.o
    0x080016d4   0x080016d4   0x0000006c   Code   RO         2314    i.malloc            mc_w.l(malloc.o)
    0x08001740   0x08001740   0x00000010   Data   RO         2039    .constdata          system_stm32f4xx.o
    0x08001750   0x08001750   0x00000020   Data   RO         2367    Region$$Table       anon$$obj.o


    Execution Region RW_IRAM1 (Exec base: 0x20000000, Load base: 0x08001770, Size: 0x000007a0, Max: 0x00020000, ABSOLUTE)

    Exec Addr    Load Addr    Size         Type   Attr      Idx    E Section Name        Object

    0x20000000   0x08001770   0x0000000c   Data   RW         1282    .data               stm32f4xx_hal.o
    0x2000000c   0x0800177c   0x00000007   Data   RW         1931    .data               main.o
    0x20000013   0x08001783   0x00000001   PAD
    0x20000014   0x08001784   0x00000004   Data   RW         2041    .data               system_stm32f4xx.o
    0x20000018   0x08001788   0x00000004   Data   RW         2363    .data               mc_w.l(mvars.o)
    0x2000001c   0x0800178c   0x00000004   Data   RW         2364    .data               mc_w.l(mvars.o)
    0x20000020        -       0x0000017c   Zero   RW         1927    .bss                main.o
    0x2000019c   0x08001790   0x00000004   PAD
    0x200001a0        -       0x00000200   Zero   RW            2    HEAP                startup_stm32f407xx.o
    0x200003a0        -       0x00000400   Zero   RW            1    STACK               startup_stm32f407xx.o


==============================================================================

Image component sizes


      Code (inc. data)   RO Data    RW Data    ZI Data      Debug   Object Name

       916         76          0          7        380       4945   main.o
       806         14          0          0          0       7863   nrf24l01.o
        36          8        392          0       1536        828   startup_stm32f407xx.o
       180         28          0         12          0       4533   stm32f4xx_hal.o
       250         14          0          0          0      32775   stm32f4xx_hal_cortex.o
       468         50          0          0          0       3572   stm32f4xx_hal_gpio.o
       268         30          0          0          0       1648   stm32f4xx_hal_msp.o
      1212         62          0          0          0       4406   stm32f4xx_hal_rcc.o
       782          0          0          0          0     662101   stm32f4xx_hal_spi.o
       118         22          0          0          0       7352   stm32f4xx_it.o
        84         18         16          4          0       1135   system_stm32f4xx.o

    ----------------------------------------------------------------------
      5126        322        440         24       1920     731158   Object Totals
         0          0         32          0          0          0   (incl. Generated)
         6          0          0          1          4          0   (incl. Padding)

    ----------------------------------------------------------------------

      Code (inc. data)   RO Data    RW Data    ZI Data      Debug   Library Member Name

         0          0          0          0          0          0   entry.o
         0          0          0          0          0          0   entry10a.o
         0          0          0          0          0          0   entry11a.o
         8          4          0          0          0          0   entry2.o
         4          0          0          0          0          0   entry5.o
         0          0          0          0          0          0   entry7b.o
         0          0          0          0          0          0   entry8b.o
         8          4          0          0          0          0   entry9a.o
        30          0          0          0          0          0   handlers.o
        36          8          0          0          0         68   init.o
        30          0          0          0          0         68   llshl.o
        32          0          0          0          0         68   llushr.o
       188         20          0          0          0        160   malloc.o
         0          0          0          8          0          0   mvars.o
        98          0          0          0          0         92   uldiv.o

    ----------------------------------------------------------------------
       434         36          0          8          0        456   Library Totals
         0          0          0          0          0          0   (incl. Padding)

    ----------------------------------------------------------------------

      Code (inc. data)   RO Data    RW Data    ZI Data      Debug   Library Name

       434         36          0          8          0        456   mc_w.l

    ----------------------------------------------------------------------
       434         36          0          8          0        456   Library Totals

    ----------------------------------------------------------------------

==============================================================================


      Code (inc. data)   RO Data    RW Data    ZI Data      Debug   

      5560        358        440         32       1920     726662   Grand Totals
      5560        358        440         32       1920     726662   ELF Image Totals
      5560        358        440         32          0          0   ROM Totals

==============================================================================

    Total RO  Size (Code + RO Data)                 6000 (   5.86kB)
    Total RW  Size (RW Data + ZI Data)              1952 (   1.91kB)
    Total ROM Size (Code + RO Data + RW Data)       6032 (   5.89kB)

==============================================================================

